
PROGRAM "S12ZVM_CAN_Example.elf"

*********************************************************************************************
TARGET SECTION
---------------------------------------------------------------------------------------------
Processor   : Freescale S12Z
Memory Model: SMALL
File Format : ELF\DWARF 2.0
Linker      : SmartLinker V-5.0.52 Build 16147, May 27 2016

*********************************************************************************************
FILE SECTION
---------------------------------------------------------------------------------------------
main_c.obj                              Model: SMALL,         Lang: ANSI-C,        Compiler Version: C/C++ Compiler for S12/L-ISA v-5.0.40 build 16147
phev_can_c.obj                          Model: SMALL,         Lang: ANSI-C,        Compiler Version: C/C++ Compiler for S12/L-ISA v-5.0.40 build 16147
starts12z_c.obj                         Model: SMALL,         Lang: ANSI-C,        Compiler Version: C/C++ Compiler for S12/L-ISA v-5.0.40 build 16147
mc9s12zvmc128_c.obj                     Model: SMALL,         Lang: ANSI-C,        Compiler Version: C/C++ Compiler for S12/L-ISA v-5.0.40 build 16147

*********************************************************************************************
STARTUP SECTION
---------------------------------------------------------------------------------------------
Entry point: 0xFE002E (_Startup)
_startupData is allocated at 0xFE003E and uses 20 Bytes
extern struct _tagStartup {
  unsigned nofZeroOut     1
  _Range   pZeroOut       0x1100     57
  _Copy    *toCopyDownBeg 0xFE062B
  int      nofInitBodies  0
  _Cpp     *initBodies    0xFE0059
  int      nofFiniBodies  0
  _Cpp     *finiBodies    0xFE0059
} _startupData;

*********************************************************************************************
SECTION-ALLOCATION SECTION
Section Name                    Size  Type     From       To       Segment
---------------------------------------------------------------------------------------------
.init                             62     R   0xFE0000   0xFE003D   ROM
.startData                        27     R   0xFE003E   0xFE0058   ROM
.text                           1490     R   0xFE0059   0xFE062A   ROM
.copy                              4     R   0xFE062B   0xFE062E   ROM
.stack                           256   R/W     0x1000     0x10FF   RAM
.__absdata___vector_42_CAN_ISR____          3     R   0xFFFF55   0xFFFF57   .absSeg0
.__absdata___vector_20_TIM0_OVF____          3     R   0xFFFFAD   0xFFFFAF   .absSeg1
.__absdata_ADC1RBP__               3   N/I      0x661      0x663   .absSeg2
.__absdata_ADC1CBP__               3   N/I      0x65D      0x65F   .absSeg3
.__absdata_ADC0RBP__               3   N/I      0x621      0x623   .absSeg4
.__absdata_ADC0CBP__               3   N/I      0x61D      0x61F   .absSeg5
.__absdata_PTUPTR__                3   N/I      0x591      0x593   .absSeg6
.__absdata_ECCDPTR__               3   N/I      0x3C7      0x3C9   .absSeg7
.__absdata_DBGDA__                 3   N/I      0x145      0x147   .absSeg8
.__absdata_DBGCA__                 3   N/I      0x135      0x137   .absSeg9
.__absdata_DBGBA__                 3   N/I      0x125      0x127   .absSeg10
.__absdata_DBGAA__                 3   N/I      0x115      0x117   .absSeg11
.__absdata_MMCPC__                 3   N/I       0x85       0x87   .absSeg12
.__absdata__ADC1CMD__              4   N/I      0x654      0x657   .absSeg13
.__absdata__ADC0CMD__              4   N/I      0x614      0x617   .absSeg14
.__absdata__PARTID__               4   N/I        0x0        0x3   .absSeg15
.__absdata__CAN0TXTSR__            2   N/I      0x83E      0x83F   .absSeg16
.__absdata__CAN0RXTSR__            2   N/I      0x82E      0x82F   .absSeg17
.__absdata__SPI0DR__               2   N/I      0x784      0x785   .absSeg18
.__absdata__SCI1BD__               2   N/I      0x710      0x711   .absSeg19
.__absdata__SCI0BD__               2   N/I      0x700      0x701   .absSeg20
.__absdata__CPMUIRCTRIM__          2   N/I      0x6D8      0x6D9   .absSeg21
.__absdata__CPMUAPIR__             2   N/I      0x6D4      0x6D5   .absSeg22
.__absdata__ADC1IMDRI__            2   N/I      0x64E      0x64F   .absSeg23
.__absdata__ADC1CONIF__            2   N/I      0x64C      0x64D   .absSeg24
.__absdata__ADC1CONIE__            2   N/I      0x64A      0x64B   .absSeg25
.__absdata__ADC1CTL__              2   N/I      0x640      0x641   .absSeg26
.__absdata__ADC0IMDRI__            2   N/I      0x60E      0x60F   .absSeg27
.__absdata__ADC0CONIF__            2   N/I      0x60C      0x60D   .absSeg28
.__absdata__ADC0CONIE__            2   N/I      0x60A      0x60B   .absSeg29
.__absdata__ADC0CTL__              2   N/I      0x600      0x601   .absSeg30
.__absdata__TIM0TC3__              2   N/I      0x5D6      0x5D7   .absSeg31
.__absdata__TIM0TC2__              2   N/I      0x5D4      0x5D5   .absSeg32
.__absdata__TIM0TC1__              2   N/I      0x5D2      0x5D3   .absSeg33
.__absdata__TIM0TC0__              2   N/I      0x5D0      0x5D1   .absSeg34
.__absdata__TIM0TCNT__             2   N/I      0x5C4      0x5C5   .absSeg35
.__absdata__PMFDTMC__              2   N/I      0x536      0x537   .absSeg36
.__absdata__PMFMODC__              2   N/I      0x534      0x535   .absSeg37
.__absdata__PMFCNTC__              2   N/I      0x532      0x533   .absSeg38
.__absdata__PMFDTMB__              2   N/I      0x52E      0x52F   .absSeg39
.__absdata__PMFMODB__              2   N/I      0x52C      0x52D   .absSeg40
.__absdata__PMFCNTB__              2   N/I      0x52A      0x52B   .absSeg41
.__absdata__PMFDTMA__              2   N/I      0x526      0x527   .absSeg42
.__absdata__PMFMODA__              2   N/I      0x524      0x525   .absSeg43
.__absdata__PMFCNTA__              2   N/I      0x522      0x523   .absSeg44
.__absdata__PMFVAL5__              2   N/I      0x51A      0x51B   .absSeg45
.__absdata__PMFVAL4__              2   N/I      0x518      0x519   .absSeg46
.__absdata__PMFVAL3__              2   N/I      0x516      0x517   .absSeg47
.__absdata__PMFVAL2__              2   N/I      0x514      0x515   .absSeg48
.__absdata__PMFVAL1__              2   N/I      0x512      0x513   .absSeg49
.__absdata__PMFVAL0__              2   N/I      0x510      0x511   .absSeg50
.__absdata__ECCDD__                2   N/I      0x3CC      0x3CD   .absSeg51
.__absdata__FCCOB5__               2   N/I      0x396      0x397   .absSeg52
.__absdata__FCCOB4__               2   N/I      0x394      0x395   .absSeg53
.__absdata__FCCOB3__               2   N/I      0x392      0x393   .absSeg54
.__absdata__FCCOB2__               2   N/I      0x390      0x391   .absSeg55
.__absdata__FCCOB1__               2   N/I      0x38E      0x38F   .absSeg56
.__absdata__FCCOB0__               2   N/I      0x38C      0x38D   .absSeg57
.__absdata__DIENAD__               2   N/I      0x298      0x299   .absSeg58
.__absdata__PIFAD__                2   N/I      0x28E      0x28F   .absSeg59
.__absdata__PIEAD__                2   N/I      0x28C      0x28D   .absSeg60
.__absdata__PPSAD__                2   N/I      0x288      0x289   .absSeg61
.__absdata__PERAD__                2   N/I      0x286      0x287   .absSeg62
.__absdata__DDRAD__                2   N/I      0x284      0x285   .absSeg63
.__absdata__PTIAD__                2   N/I      0x282      0x283   .absSeg64
.__absdata__PTAD__                 2   N/I      0x280      0x281   .absSeg65
.__absdata__DBGTB__                2   N/I      0x104      0x105   .absSeg66
.__absdata__MMCCCR__               2   N/I       0x82       0x83   .absSeg67
.__absdata__MMCEC__                2   N/I       0x80       0x81   .absSeg68
.__absdata__IVBR__                 2   N/I       0x10       0x11   .absSeg69
.__absdata__CAN0TXTBPR__           1   N/I      0x83D      0x83D   .absSeg70
.__absdata__CAN0TXDLR__            1   N/I      0x83C      0x83C   .absSeg71
.__absdata__CAN0TXDSR7__           1   N/I      0x83B      0x83B   .absSeg72
.__absdata__CAN0TXDSR6__           1   N/I      0x83A      0x83A   .absSeg73
.__absdata__CAN0TXDSR5__           1   N/I      0x839      0x839   .absSeg74
.__absdata__CAN0TXDSR4__           1   N/I      0x838      0x838   .absSeg75
.__absdata__CAN0TXDSR3__           1   N/I      0x837      0x837   .absSeg76
.__absdata__CAN0TXDSR2__           1   N/I      0x836      0x836   .absSeg77
.__absdata__CAN0TXDSR1__           1   N/I      0x835      0x835   .absSeg78
.__absdata__CAN0TXDSR0__           1   N/I      0x834      0x834   .absSeg79
.__absdata__CAN0TXIDR3__           1   N/I      0x833      0x833   .absSeg80
.__absdata__CAN0TXIDR2__           1   N/I      0x832      0x832   .absSeg81
.__absdata__CAN0TXIDR1__           1   N/I      0x831      0x831   .absSeg82
.__absdata__CAN0TXIDR0__           1   N/I      0x830      0x830   .absSeg83
.__absdata__CAN0RXDLR__            1   N/I      0x82C      0x82C   .absSeg84
.__absdata__CAN0RXDSR7__           1   N/I      0x82B      0x82B   .absSeg85
.__absdata__CAN0RXDSR6__           1   N/I      0x82A      0x82A   .absSeg86
.__absdata__CAN0RXDSR5__           1   N/I      0x829      0x829   .absSeg87
.__absdata__CAN0RXDSR4__           1   N/I      0x828      0x828   .absSeg88
.__absdata__CAN0RXDSR3__           1   N/I      0x827      0x827   .absSeg89
.__absdata__CAN0RXDSR2__           1   N/I      0x826      0x826   .absSeg90
.__absdata__CAN0RXDSR1__           1   N/I      0x825      0x825   .absSeg91
.__absdata__CAN0RXDSR0__           1   N/I      0x824      0x824   .absSeg92
.__absdata__CAN0RXIDR3__           1   N/I      0x823      0x823   .absSeg93
.__absdata__CAN0RXIDR2__           1   N/I      0x822      0x822   .absSeg94
.__absdata__CAN0RXIDR1__           1   N/I      0x821      0x821   .absSeg95
.__absdata__CAN0RXIDR0__           1   N/I      0x820      0x820   .absSeg96
.__absdata__CAN0IDMR7__            1   N/I      0x81F      0x81F   .absSeg97
.__absdata__CAN0IDMR6__            1   N/I      0x81E      0x81E   .absSeg98
.__absdata__CAN0IDMR5__            1   N/I      0x81D      0x81D   .absSeg99
.__absdata__CAN0IDMR4__            1   N/I      0x81C      0x81C   .absSeg100
.__absdata__CAN0IDAR7__            1   N/I      0x81B      0x81B   .absSeg101
.__absdata__CAN0IDAR6__            1   N/I      0x81A      0x81A   .absSeg102
.__absdata__CAN0IDAR5__            1   N/I      0x819      0x819   .absSeg103
.__absdata__CAN0IDAR4__            1   N/I      0x818      0x818   .absSeg104
.__absdata__CAN0IDMR3__            1   N/I      0x817      0x817   .absSeg105
.__absdata__CAN0IDMR2__            1   N/I      0x816      0x816   .absSeg106
.__absdata__CAN0IDMR1__            1   N/I      0x815      0x815   .absSeg107
.__absdata__CAN0IDMR0__            1   N/I      0x814      0x814   .absSeg108
.__absdata__CAN0IDAR3__            1   N/I      0x813      0x813   .absSeg109
.__absdata__CAN0IDAR2__            1   N/I      0x812      0x812   .absSeg110
.__absdata__CAN0IDAR1__            1   N/I      0x811      0x811   .absSeg111
.__absdata__CAN0IDAR0__            1   N/I      0x810      0x810   .absSeg112
.__absdata__CAN0TXERR__            1   N/I      0x80F      0x80F   .absSeg113
.__absdata__CAN0RXERR__            1   N/I      0x80E      0x80E   .absSeg114
.__absdata__CAN0MISC__             1   N/I      0x80D      0x80D   .absSeg115
.__absdata__CAN0IDAC__             1   N/I      0x80B      0x80B   .absSeg116
.__absdata__CAN0TBSEL__            1   N/I      0x80A      0x80A   .absSeg117
.__absdata__CAN0TAAK__             1   N/I      0x809      0x809   .absSeg118
.__absdata__CAN0TARQ__             1   N/I      0x808      0x808   .absSeg119
.__absdata__CAN0TIER__             1   N/I      0x807      0x807   .absSeg120
.__absdata__CAN0TFLG__             1   N/I      0x806      0x806   .absSeg121
.__absdata__CAN0RIER__             1   N/I      0x805      0x805   .absSeg122
.__absdata__CAN0RFLG__             1   N/I      0x804      0x804   .absSeg123
.__absdata__CAN0BTR1__             1   N/I      0x803      0x803   .absSeg124
.__absdata__CAN0BTR0__             1   N/I      0x802      0x802   .absSeg125
.__absdata__CAN0CTL1__             1   N/I      0x801      0x801   .absSeg126
.__absdata__CAN0CTL0__             1   N/I      0x800      0x800   .absSeg127
.__absdata__SPI0SR__               1   N/I      0x783      0x783   .absSeg128
.__absdata__SPI0BR__               1   N/I      0x782      0x782   .absSeg129
.__absdata__SPI0CR2__              1   N/I      0x781      0x781   .absSeg130
.__absdata__SPI0CR1__              1   N/I      0x780      0x780   .absSeg131
.__absdata__SCI1DRL__              1   N/I      0x717      0x717   .absSeg132
.__absdata__SCI1DRH__              1   N/I      0x716      0x716   .absSeg133
.__absdata__SCI1SR2__              1   N/I      0x715      0x715   .absSeg134
.__absdata__SCI1SR1__              1   N/I      0x714      0x714   .absSeg135
.__absdata__SCI1CR2__              1   N/I      0x713      0x713   .absSeg136
.__absdata__SCI1ACR2__             1   N/I      0x712      0x712   .absSeg137
.__absdata__SCI0DRL__              1   N/I      0x707      0x707   .absSeg138
.__absdata__SCI0DRH__              1   N/I      0x706      0x706   .absSeg139
.__absdata__SCI0SR2__              1   N/I      0x705      0x705   .absSeg140
.__absdata__SCI0SR1__              1   N/I      0x704      0x704   .absSeg141
.__absdata__SCI0CR2__              1   N/I      0x703      0x703   .absSeg142
.__absdata__SCI0ACR2__             1   N/I      0x702      0x702   .absSeg143
.__absdata__BATIF__                1   N/I      0x6F3      0x6F3   .absSeg144
.__absdata__BATIE__                1   N/I      0x6F2      0x6F2   .absSeg145
.__absdata__BATSR__                1   N/I      0x6F1      0x6F1   .absSeg146
.__absdata__BATE__                 1   N/I      0x6F0      0x6F0   .absSeg147
.__absdata__CPMUOSC2__             1   N/I      0x6DE      0x6DE   .absSeg148
.__absdata__CPMUVREGCTL__          1   N/I      0x6DD      0x6DD   .absSeg149
.__absdata__CPMUPROT__             1   N/I      0x6DB      0x6DB   .absSeg150
.__absdata__CPMUOSC__              1   N/I      0x6DA      0x6DA   .absSeg151
.__absdata__CPMUHTTR__             1   N/I      0x6D7      0x6D7   .absSeg152
.__absdata__CPMUACLKTR__           1   N/I      0x6D3      0x6D3   .absSeg153
.__absdata__CPMUAPICTL__           1   N/I      0x6D2      0x6D2   .absSeg154
.__absdata__CPMULVCTL__            1   N/I      0x6D1      0x6D1   .absSeg155
.__absdata__CPMUHTCTL__            1   N/I      0x6D0      0x6D0   .absSeg156
.__absdata__CPMUARMCOP__           1   N/I      0x6CF      0x6CF   .absSeg157
.__absdata__CPMUCOP__              1   N/I      0x6CC      0x6CC   .absSeg158
.__absdata__CPMURTI__              1   N/I      0x6CB      0x6CB   .absSeg159
.__absdata__CPMUPLL__              1   N/I      0x6CA      0x6CA   .absSeg160
.__absdata__CPMUCLKS__             1   N/I      0x6C9      0x6C9   .absSeg161
.__absdata__CPMUINT__              1   N/I      0x6C8      0x6C8   .absSeg162
.__absdata__CPMUIFLG__             1   N/I      0x6C7      0x6C7   .absSeg163
.__absdata__CPMUPOSTDIV__          1   N/I      0x6C6      0x6C6   .absSeg164
.__absdata__CPMUREFDIV__           1   N/I      0x6C5      0x6C5   .absSeg165
.__absdata__CPMUSYNR__             1   N/I      0x6C4      0x6C4   .absSeg166
.__absdata__CPMURFLG__             1   N/I      0x6C3      0x6C3   .absSeg167
.__absdata__GDUOC1__               1   N/I      0x6AF      0x6AF   .absSeg168
.__absdata__GDUOC0__               1   N/I      0x6AE      0x6AE   .absSeg169
.__absdata__GDUCLK2__              1   N/I      0x6AD      0x6AD   .absSeg170
.__absdata__GDUPHL__               1   N/I      0x6AC      0x6AC   .absSeg171
.__absdata__GDUDSLVL__             1   N/I      0x6AB      0x6AB   .absSeg172
.__absdata__GDUCSO__               1   N/I      0x6AA      0x6AA   .absSeg173
.__absdata__GDUPHMUX__             1   N/I      0x6A9      0x6A9   .absSeg174
.__absdata__GDUBCL__               1   N/I      0x6A8      0x6A8   .absSeg175
.__absdata__GDUCLK1__              1   N/I      0x6A7      0x6A7   .absSeg176
.__absdata__GDUF__                 1   N/I      0x6A6      0x6A6   .absSeg177
.__absdata__GDUSRC__               1   N/I      0x6A5      0x6A5   .absSeg178
.__absdata__GDUSTAT__              1   N/I      0x6A4      0x6A4   .absSeg179
.__absdata__GDUDSE__               1   N/I      0x6A3      0x6A3   .absSeg180
.__absdata__GDUIE__                1   N/I      0x6A2      0x6A2   .absSeg181
.__absdata__GDUCTR__               1   N/I      0x6A1      0x6A1   .absSeg182
.__absdata__GDUE__                 1   N/I      0x6A0      0x6A0   .absSeg183
.__absdata__ADC1CROFF1__           1   N/I      0x665      0x665   .absSeg184
.__absdata__ADC1CROFF0__           1   N/I      0x664      0x664   .absSeg185
.__absdata__ADC1RBP_2__            1   N/I      0x663      0x663   .absSeg186
.__absdata__ADC1RBP_1__            1   N/I      0x662      0x662   .absSeg187
.__absdata__ADC1RBP_0__            1   N/I      0x661      0x661   .absSeg188
.__absdata__ADC1RIDX__             1   N/I      0x660      0x660   .absSeg189
.__absdata__ADC1CBP_2__            1   N/I      0x65F      0x65F   .absSeg190
.__absdata__ADC1CBP_1__            1   N/I      0x65E      0x65E   .absSeg191
.__absdata__ADC1CBP_0__            1   N/I      0x65D      0x65D   .absSeg192
.__absdata__ADC1CIDX__             1   N/I      0x65C      0x65C   .absSeg193
.__absdata__ADC1EOLRI__            1   N/I      0x650      0x650   .absSeg194
.__absdata__ADC1IF__               1   N/I      0x649      0x649   .absSeg195
.__absdata__ADC1EIF__              1   N/I      0x648      0x648   .absSeg196
.__absdata__ADC1IE__               1   N/I      0x647      0x647   .absSeg197
.__absdata__ADC1EIE__              1   N/I      0x646      0x646   .absSeg198
.__absdata__ADC1FLWCTL__           1   N/I      0x645      0x645   .absSeg199
.__absdata__ADC1FMT__              1   N/I      0x644      0x644   .absSeg200
.__absdata__ADC1TIM__              1   N/I      0x643      0x643   .absSeg201
.__absdata__ADC1STS__              1   N/I      0x642      0x642   .absSeg202
.__absdata__ADC0CROFF1__           1   N/I      0x625      0x625   .absSeg203
.__absdata__ADC0CROFF0__           1   N/I      0x624      0x624   .absSeg204
.__absdata__ADC0RBP_2__            1   N/I      0x623      0x623   .absSeg205
.__absdata__ADC0RBP_1__            1   N/I      0x622      0x622   .absSeg206
.__absdata__ADC0RBP_0__            1   N/I      0x621      0x621   .absSeg207
.__absdata__ADC0RIDX__             1   N/I      0x620      0x620   .absSeg208
.__absdata__ADC0CBP_2__            1   N/I      0x61F      0x61F   .absSeg209
.__absdata__ADC0CBP_1__            1   N/I      0x61E      0x61E   .absSeg210
.__absdata__ADC0CBP_0__            1   N/I      0x61D      0x61D   .absSeg211
.__absdata__ADC0CIDX__             1   N/I      0x61C      0x61C   .absSeg212
.__absdata__ADC0EOLRI__            1   N/I      0x610      0x610   .absSeg213
.__absdata__ADC0IF__               1   N/I      0x609      0x609   .absSeg214
.__absdata__ADC0EIF__              1   N/I      0x608      0x608   .absSeg215
.__absdata__ADC0IE__               1   N/I      0x607      0x607   .absSeg216
.__absdata__ADC0EIE__              1   N/I      0x606      0x606   .absSeg217
.__absdata__ADC0FLWCTL__           1   N/I      0x605      0x605   .absSeg218
.__absdata__ADC0FMT__              1   N/I      0x604      0x604   .absSeg219
.__absdata__ADC0TIM__              1   N/I      0x603      0x603   .absSeg220
.__absdata__ADC0STS__              1   N/I      0x602      0x602   .absSeg221
.__absdata__TIM0PTPSR__            1   N/I      0x5EE      0x5EE   .absSeg222
.__absdata__TIM0OCPD__             1   N/I      0x5EC      0x5EC   .absSeg223
.__absdata__TIM0TFLG2__            1   N/I      0x5CF      0x5CF   .absSeg224
.__absdata__TIM0TFLG1__            1   N/I      0x5CE      0x5CE   .absSeg225
.__absdata__TIM0TSCR2__            1   N/I      0x5CD      0x5CD   .absSeg226
.__absdata__TIM0TIE__              1   N/I      0x5CC      0x5CC   .absSeg227
.__absdata__TIM0TCTL4__            1   N/I      0x5CB      0x5CB   .absSeg228
.__absdata__TIM0TCTL2__            1   N/I      0x5C9      0x5C9   .absSeg229
.__absdata__TIM0TTOV__             1   N/I      0x5C7      0x5C7   .absSeg230
.__absdata__TIM0TSCR1__            1   N/I      0x5C6      0x5C6   .absSeg231
.__absdata__TIM0CFORC__            1   N/I      0x5C1      0x5C1   .absSeg232
.__absdata__TIM0TIOS__             1   N/I      0x5C0      0x5C0   .absSeg233
.__absdata__PTUDEBUG__             1   N/I      0x59F      0x59F   .absSeg234
.__absdata__TG1L1IDX__             1   N/I      0x597      0x597   .absSeg235
.__absdata__TG1L0IDX__             1   N/I      0x596      0x596   .absSeg236
.__absdata__TG0L1IDX__             1   N/I      0x595      0x595   .absSeg237
.__absdata__TG0L0IDX__             1   N/I      0x594      0x594   .absSeg238
.__absdata__PTUPTRL__              1   N/I      0x593      0x593   .absSeg239
.__absdata__PTUPTRM__              1   N/I      0x592      0x592   .absSeg240
.__absdata__PTUPTRH__              1   N/I      0x591      0x591   .absSeg241
.__absdata__PTUCNTL__              1   N/I      0x58F      0x58F   .absSeg242
.__absdata__PTUCNTH__              1   N/I      0x58E      0x58E   .absSeg243
.__absdata__TG1TVL__               1   N/I      0x58D      0x58D   .absSeg244
.__absdata__TG1TVH__               1   N/I      0x58C      0x58C   .absSeg245
.__absdata__TG1TNUM__              1   N/I      0x58B      0x58B   .absSeg246
.__absdata__TG1LIST__              1   N/I      0x58A      0x58A   .absSeg247
.__absdata__TG0TVL__               1   N/I      0x589      0x589   .absSeg248
.__absdata__TG0TVH__               1   N/I      0x588      0x588   .absSeg249
.__absdata__TG0TNUM__              1   N/I      0x587      0x587   .absSeg250
.__absdata__TG0LIST__              1   N/I      0x586      0x586   .absSeg251
.__absdata__PTUIFL__               1   N/I      0x585      0x585   .absSeg252
.__absdata__PTUIFH__               1   N/I      0x584      0x584   .absSeg253
.__absdata__PTUIEL__               1   N/I      0x583      0x583   .absSeg254
.__absdata__PTUIEH__               1   N/I      0x582      0x582   .absSeg255
.__absdata__PTUC__                 1   N/I      0x581      0x581   .absSeg256
.__absdata__PTUE__                 1   N/I      0x580      0x580   .absSeg257
.__absdata__PMFOUTF__              1   N/I      0x53E      0x53E   .absSeg258
.__absdata__PMFDMP5__              1   N/I      0x53D      0x53D   .absSeg259
.__absdata__PMFDMP4__              1   N/I      0x53C      0x53C   .absSeg260
.__absdata__PMFDMP3__              1   N/I      0x53B      0x53B   .absSeg261
.__absdata__PMFDMP2__              1   N/I      0x53A      0x53A   .absSeg262
.__absdata__PMFDMP1__              1   N/I      0x539      0x539   .absSeg263
.__absdata__PMFDMP0__              1   N/I      0x538      0x538   .absSeg264
.__absdata__PMFFQCC__              1   N/I      0x531      0x531   .absSeg265
.__absdata__PMFENCC__              1   N/I      0x530      0x530   .absSeg266
.__absdata__PMFFQCB__              1   N/I      0x529      0x529   .absSeg267
.__absdata__PMFENCB__              1   N/I      0x528      0x528   .absSeg268
.__absdata__PMFFQCA__              1   N/I      0x521      0x521   .absSeg269
.__absdata__PMFENCA__              1   N/I      0x520      0x520   .absSeg270
.__absdata__PMFCINV__              1   N/I      0x51F      0x51F   .absSeg271
.__absdata__PMFICCTL__             1   N/I      0x51E      0x51E   .absSeg272
.__absdata__PMFROIF__              1   N/I      0x51D      0x51D   .absSeg273
.__absdata__PMFROIE__              1   N/I      0x51C      0x51C   .absSeg274
.__absdata__PMFCCTL__              1   N/I      0x50F      0x50F   .absSeg275
.__absdata__PMFDTMS__              1   N/I      0x50E      0x50E   .absSeg276
.__absdata__PMFOUTB__              1   N/I      0x50D      0x50D   .absSeg277
.__absdata__PMFOUTC__              1   N/I      0x50C      0x50C   .absSeg278
.__absdata__PMFQSMP1__             1   N/I      0x509      0x509   .absSeg279
.__absdata__PMFQSMP0__             1   N/I      0x508      0x508   .absSeg280
.__absdata__PMFFIF__               1   N/I      0x507      0x507   .absSeg281
.__absdata__PMFFIE__               1   N/I      0x506      0x506   .absSeg282
.__absdata__PMFFMOD__              1   N/I      0x505      0x505   .absSeg283
.__absdata__PMFFEN__               1   N/I      0x504      0x504   .absSeg284
.__absdata__PMFCFG3__              1   N/I      0x503      0x503   .absSeg285
.__absdata__PMFCFG2__              1   N/I      0x502      0x502   .absSeg286
.__absdata__PMFCFG1__              1   N/I      0x501      0x501   .absSeg287
.__absdata__PMFCFG0__              1   N/I      0x500      0x500   .absSeg288
.__absdata__ECCDCMD__              1   N/I      0x3CF      0x3CF   .absSeg289
.__absdata__ECCDE__                1   N/I      0x3CE      0x3CE   .absSeg290
.__absdata__ECCDPTRL__             1   N/I      0x3C9      0x3C9   .absSeg291
.__absdata__ECCDPTRM__             1   N/I      0x3C8      0x3C8   .absSeg292
.__absdata__ECCDPTRH__             1   N/I      0x3C7      0x3C7   .absSeg293
.__absdata__ECCIF__                1   N/I      0x3C2      0x3C2   .absSeg294
.__absdata__ECCIE__                1   N/I      0x3C1      0x3C1   .absSeg295
.__absdata__ECCSTAT__              1   N/I      0x3C0      0x3C0   .absSeg296
.__absdata__FOPT__                 1   N/I      0x38A      0x38A   .absSeg297
.__absdata__DFPROT__               1   N/I      0x389      0x389   .absSeg298
.__absdata__FPROT__                1   N/I      0x388      0x388   .absSeg299
.__absdata__FERSTAT__              1   N/I      0x387      0x387   .absSeg300
.__absdata__FSTAT__                1   N/I      0x386      0x386   .absSeg301
.__absdata__FERCNFG__              1   N/I      0x385      0x385   .absSeg302
.__absdata__FCNFG__                1   N/I      0x384      0x384   .absSeg303
.__absdata__FPSTAT__               1   N/I      0x383      0x383   .absSeg304
.__absdata__FCCOBIX__              1   N/I      0x382      0x382   .absSeg305
.__absdata__FSEC__                 1   N/I      0x381      0x381   .absSeg306
.__absdata__FCLKDIV__              1   N/I      0x380      0x380   .absSeg307
.__absdata__RDRP__                 1   N/I      0x2FD      0x2FD   .absSeg308
.__absdata__PIFP__                 1   N/I      0x2F7      0x2F7   .absSeg309
.__absdata__PIEP__                 1   N/I      0x2F6      0x2F6   .absSeg310
.__absdata__PPSP__                 1   N/I      0x2F4      0x2F4   .absSeg311
.__absdata__PERP__                 1   N/I      0x2F3      0x2F3   .absSeg312
.__absdata__DDRP__                 1   N/I      0x2F2      0x2F2   .absSeg313
.__absdata__PTIP__                 1   N/I      0x2F1      0x2F1   .absSeg314
.__absdata__PTP__                  1   N/I      0x2F0      0x2F0   .absSeg315
.__absdata__WOMS__                 1   N/I      0x2DF      0x2DF   .absSeg316
.__absdata__PIFS__                 1   N/I      0x2D7      0x2D7   .absSeg317
.__absdata__PIES__                 1   N/I      0x2D6      0x2D6   .absSeg318
.__absdata__PPSS__                 1   N/I      0x2D4      0x2D4   .absSeg319
.__absdata__PERS__                 1   N/I      0x2D3      0x2D3   .absSeg320
.__absdata__DDRS__                 1   N/I      0x2D2      0x2D2   .absSeg321
.__absdata__PTIS__                 1   N/I      0x2D1      0x2D1   .absSeg322
.__absdata__PTS__                  1   N/I      0x2D0      0x2D0   .absSeg323
.__absdata__PPST__                 1   N/I      0x2C4      0x2C4   .absSeg324
.__absdata__PERT__                 1   N/I      0x2C3      0x2C3   .absSeg325
.__absdata__DDRT__                 1   N/I      0x2C2      0x2C2   .absSeg326
.__absdata__PTIT__                 1   N/I      0x2C1      0x2C1   .absSeg327
.__absdata__PTT__                  1   N/I      0x2C0      0x2C0   .absSeg328
.__absdata__PPSE__                 1   N/I      0x268      0x268   .absSeg329
.__absdata__PERE__                 1   N/I      0x266      0x266   .absSeg330
.__absdata__DDRE__                 1   N/I      0x264      0x264   .absSeg331
.__absdata__PTIE__                 1   N/I      0x262      0x262   .absSeg332
.__absdata__PTE__                  1   N/I      0x260      0x260   .absSeg333
.__absdata__PIMMISC__              1   N/I      0x20A      0x20A   .absSeg334
.__absdata__IRQCR__                1   N/I      0x209      0x209   .absSeg335
.__absdata__ECLKCTL__              1   N/I      0x208      0x208   .absSeg336
.__absdata__MODRR2__               1   N/I      0x202      0x202   .absSeg337
.__absdata__MODRR1__               1   N/I      0x201      0x201   .absSeg338
.__absdata__MODRR0__               1   N/I      0x200      0x200   .absSeg339
.__absdata__DBGDAL__               1   N/I      0x147      0x147   .absSeg340
.__absdata__DBGDAM__               1   N/I      0x146      0x146   .absSeg341
.__absdata__DBGDAH__               1   N/I      0x145      0x145   .absSeg342
.__absdata__DBGDCTL__              1   N/I      0x140      0x140   .absSeg343
.__absdata__DBGCDM3__              1   N/I      0x13F      0x13F   .absSeg344
.__absdata__DBGCDM2__              1   N/I      0x13E      0x13E   .absSeg345
.__absdata__DBGCDM1__              1   N/I      0x13D      0x13D   .absSeg346
.__absdata__DBGCDM0__              1   N/I      0x13C      0x13C   .absSeg347
.__absdata__DBGCD3__               1   N/I      0x13B      0x13B   .absSeg348
.__absdata__DBGCD2__               1   N/I      0x13A      0x13A   .absSeg349
.__absdata__DBGCD1__               1   N/I      0x139      0x139   .absSeg350
.__absdata__DBGCD0__               1   N/I      0x138      0x138   .absSeg351
.__absdata__DBGCAL__               1   N/I      0x137      0x137   .absSeg352
.__absdata__DBGCAM__               1   N/I      0x136      0x136   .absSeg353
.__absdata__DBGCAH__               1   N/I      0x135      0x135   .absSeg354
.__absdata__DBGCCTL__              1   N/I      0x130      0x130   .absSeg355
.__absdata__DBGBAL__               1   N/I      0x127      0x127   .absSeg356
.__absdata__DBGBAM__               1   N/I      0x126      0x126   .absSeg357
.__absdata__DBGBAH__               1   N/I      0x125      0x125   .absSeg358
.__absdata__DBGBCTL__              1   N/I      0x120      0x120   .absSeg359
.__absdata__DBGADM3__              1   N/I      0x11F      0x11F   .absSeg360
.__absdata__DBGADM2__              1   N/I      0x11E      0x11E   .absSeg361
.__absdata__DBGADM1__              1   N/I      0x11D      0x11D   .absSeg362
.__absdata__DBGADM0__              1   N/I      0x11C      0x11C   .absSeg363
.__absdata__DBGAD3__               1   N/I      0x11B      0x11B   .absSeg364
.__absdata__DBGAD2__               1   N/I      0x11A      0x11A   .absSeg365
.__absdata__DBGAD1__               1   N/I      0x119      0x119   .absSeg366
.__absdata__DBGAD0__               1   N/I      0x118      0x118   .absSeg367
.__absdata__DBGAAL__               1   N/I      0x117      0x117   .absSeg368
.__absdata__DBGAAM__               1   N/I      0x116      0x116   .absSeg369
.__absdata__DBGAAH__               1   N/I      0x115      0x115   .absSeg370
.__absdata__DBGACTL__              1   N/I      0x110      0x110   .absSeg371
.__absdata__DBGSR__                1   N/I      0x10B      0x10B   .absSeg372
.__absdata__DBGEFR__               1   N/I      0x10A      0x10A   .absSeg373
.__absdata__DBGSCR3__              1   N/I      0x109      0x109   .absSeg374
.__absdata__DBGSCR2__              1   N/I      0x108      0x108   .absSeg375
.__absdata__DBGSCR1__              1   N/I      0x107      0x107   .absSeg376
.__absdata__DBGCNT__               1   N/I      0x106      0x106   .absSeg377
.__absdata__DBGTCRL__              1   N/I      0x103      0x103   .absSeg378
.__absdata__DBGTCRH__              1   N/I      0x102      0x102   .absSeg379
.__absdata__DBGC2__                1   N/I      0x101      0x101   .absSeg380
.__absdata__DBGC1__                1   N/I      0x100      0x100   .absSeg381
.__absdata__MMCPCL__               1   N/I       0x87       0x87   .absSeg382
.__absdata__MMCPCM__               1   N/I       0x86       0x86   .absSeg383
.__absdata__MMCPCH__               1   N/I       0x85       0x85   .absSeg384
.__absdata__MODE__                 1   N/I       0x70       0x70   .absSeg385
.__absdata__INT_CFDATA7__          1   N/I       0x1F       0x1F   .absSeg386
.__absdata__INT_CFDATA6__          1   N/I       0x1E       0x1E   .absSeg387
.__absdata__INT_CFDATA5__          1   N/I       0x1D       0x1D   .absSeg388
.__absdata__INT_CFDATA4__          1   N/I       0x1C       0x1C   .absSeg389
.__absdata__INT_CFDATA3__          1   N/I       0x1B       0x1B   .absSeg390
.__absdata__INT_CFDATA2__          1   N/I       0x1A       0x1A   .absSeg391
.__absdata__INT_CFDATA1__          1   N/I       0x19       0x19   .absSeg392
.__absdata__INT_CFDATA0__          1   N/I       0x18       0x18   .absSeg393
.__absdata__INT_CFADDR__           1   N/I       0x17       0x17   .absSeg394
.common                           57   R/W     0x1100     0x1138   RAM
.vectSeg395_vect                   3     R   0xFFFFFD   0xFFFFFF   .vectSeg395

Summary of section sizes per section type:
READ_ONLY (R):         638 (dec:     1592)
READ_WRITE (R/W):      139 (dec:      313)
NO_INIT (N/I):         1DE (dec:      478)

*********************************************************************************************
VECTOR-ALLOCATION SECTION
    Address     InitValue   InitFunction
---------------------------------------------------------------------------------------------
   0xFFFFFD      0xFE002E   _Startup

*********************************************************************************************
OBJECT-ALLOCATION SECTION
     Name               Module                 Addr   hSize   dSize     Ref    Section   RLIB
---------------------------------------------------------------------------------------------
MODULE:                 -- main_c.obj --
- PROCEDURES:
     main                                    FE0059      1C      28       1   .text       
     callback_TCU10                          FE0075      20      32       1   .text       
     testFun                                 FE0095      D9     217       1   .text       
     PLL_init                                FE016E      38      56       1   .text       
- VARIABLES:
MODULE:                 -- phev_can_c.obj --
- PROCEDURES:
     readTCUMessage                          FE01A6      56      86       1   .text       
     formIPUMP                               FE01FC      F0     240       1   .text       
     setIPUMPFrame                           FE02EC     1A0     416       2   .text       
     TIM0_OVF_set                            FE048C      11      17       1   .text       
     CAN_init                                FE049D      87     135       1   .text       
     CAN_send                                FE0524      64     100       1   .text       
     CAN_ISR                                 FE0588      96     150       1   .text       
     TIM0_OVF                                FE061E       D      13       1   .text       
- VARIABLES:
     __vector_42_CAN_ISR__                   FFFF55       3       3       0   .__absdata___vector_42_CAN_ISR____
     __vector_20_TIM0_OVF__                  FFFFAD       3       3       0   .__absdata___vector_20_TIM0_OVF____
     rx_callback                               1100       3       3       1   .common     
     TCU_frame                                 1103       6       6       2   .common     
     IPUMPframe                                1109      1A      26      25   .common     
     message                                   1123       B      11       8   .common     
     IPUMP20message                            112E       B      11       3   .common     
MODULE:                 -- starts12z_c.obj --
- PROCEDURES:
     DoZeroOut                               FE0000      19      25       1   .init       
     DoCopyDown                              FE0019      15      21       1   .init       
     _Startup                                FE002E      10      16       0   .init       
- VARIABLES:
     _startupData                            FE003E       A      10       3   .startData  
- LABELS:
     __SEG_END_SSTACK                          1100       0       0       1               
MODULE:                 -- mc9s12zvmc128_c.obj --
- PROCEDURES:
- VARIABLES:
     ADC1RBP                                    661       3       3       0   .__absdata_ADC1RBP__
     ADC1CBP                                    65D       3       3       0   .__absdata_ADC1CBP__
     ADC0RBP                                    621       3       3       0   .__absdata_ADC0RBP__
     ADC0CBP                                    61D       3       3       0   .__absdata_ADC0CBP__
     PTUPTR                                     591       3       3       0   .__absdata_PTUPTR__
     ECCDPTR                                    3C7       3       3       0   .__absdata_ECCDPTR__
     DBGDA                                      145       3       3       0   .__absdata_DBGDA__
     DBGCA                                      135       3       3       0   .__absdata_DBGCA__
     DBGBA                                      125       3       3       0   .__absdata_DBGBA__
     DBGAA                                      115       3       3       0   .__absdata_DBGAA__
     MMCPC                                       85       3       3       0   .__absdata_MMCPC__
     _ADC1CMD                                   654       4       4       0   .__absdata__ADC1CMD__
     _ADC0CMD                                   614       4       4       0   .__absdata__ADC0CMD__
     _PARTID                                      0       4       4       0   .__absdata__PARTID__
     _CAN0TXTSR                                 83E       2       2       0   .__absdata__CAN0TXTSR__
     _CAN0RXTSR                                 82E       2       2       0   .__absdata__CAN0RXTSR__
     _SPI0DR                                    784       2       2       0   .__absdata__SPI0DR__
     _SCI1BD                                    710       2       2       0   .__absdata__SCI1BD__
     _SCI0BD                                    700       2       2       0   .__absdata__SCI0BD__
     _CPMUIRCTRIM                               6D8       2       2       0   .__absdata__CPMUIRCTRIM__
     _CPMUAPIR                                  6D4       2       2       0   .__absdata__CPMUAPIR__
     _ADC1IMDRI                                 64E       2       2       0   .__absdata__ADC1IMDRI__
     _ADC1CONIF                                 64C       2       2       0   .__absdata__ADC1CONIF__
     _ADC1CONIE                                 64A       2       2       0   .__absdata__ADC1CONIE__
     _ADC1CTL                                   640       2       2       0   .__absdata__ADC1CTL__
     _ADC0IMDRI                                 60E       2       2       0   .__absdata__ADC0IMDRI__
     _ADC0CONIF                                 60C       2       2       0   .__absdata__ADC0CONIF__
     _ADC0CONIE                                 60A       2       2       0   .__absdata__ADC0CONIE__
     _ADC0CTL                                   600       2       2       0   .__absdata__ADC0CTL__
     _TIM0TC3                                   5D6       2       2       0   .__absdata__TIM0TC3__
     _TIM0TC2                                   5D4       2       2       0   .__absdata__TIM0TC2__
     _TIM0TC1                                   5D2       2       2       0   .__absdata__TIM0TC1__
     _TIM0TC0                                   5D0       2       2       0   .__absdata__TIM0TC0__
     _TIM0TCNT                                  5C4       2       2       0   .__absdata__TIM0TCNT__
     _PMFDTMC                                   536       2       2       0   .__absdata__PMFDTMC__
     _PMFMODC                                   534       2       2       0   .__absdata__PMFMODC__
     _PMFCNTC                                   532       2       2       0   .__absdata__PMFCNTC__
     _PMFDTMB                                   52E       2       2       0   .__absdata__PMFDTMB__
     _PMFMODB                                   52C       2       2       0   .__absdata__PMFMODB__
     _PMFCNTB                                   52A       2       2       0   .__absdata__PMFCNTB__
     _PMFDTMA                                   526       2       2       0   .__absdata__PMFDTMA__
     _PMFMODA                                   524       2       2       0   .__absdata__PMFMODA__
     _PMFCNTA                                   522       2       2       0   .__absdata__PMFCNTA__
     _PMFVAL5                                   51A       2       2       0   .__absdata__PMFVAL5__
     _PMFVAL4                                   518       2       2       0   .__absdata__PMFVAL4__
     _PMFVAL3                                   516       2       2       0   .__absdata__PMFVAL3__
     _PMFVAL2                                   514       2       2       0   .__absdata__PMFVAL2__
     _PMFVAL1                                   512       2       2       0   .__absdata__PMFVAL1__
     _PMFVAL0                                   510       2       2       0   .__absdata__PMFVAL0__
     _ECCDD                                     3CC       2       2       0   .__absdata__ECCDD__
     _FCCOB5                                    396       2       2       0   .__absdata__FCCOB5__
     _FCCOB4                                    394       2       2       0   .__absdata__FCCOB4__
     _FCCOB3                                    392       2       2       0   .__absdata__FCCOB3__
     _FCCOB2                                    390       2       2       0   .__absdata__FCCOB2__
     _FCCOB1                                    38E       2       2       0   .__absdata__FCCOB1__
     _FCCOB0                                    38C       2       2       0   .__absdata__FCCOB0__
     _DIENAD                                    298       2       2       0   .__absdata__DIENAD__
     _PIFAD                                     28E       2       2       0   .__absdata__PIFAD__
     _PIEAD                                     28C       2       2       0   .__absdata__PIEAD__
     _PPSAD                                     288       2       2       0   .__absdata__PPSAD__
     _PERAD                                     286       2       2       0   .__absdata__PERAD__
     _DDRAD                                     284       2       2       0   .__absdata__DDRAD__
     _PTIAD                                     282       2       2       0   .__absdata__PTIAD__
     _PTAD                                      280       2       2       0   .__absdata__PTAD__
     _DBGTB                                     104       2       2       0   .__absdata__DBGTB__
     _MMCCCR                                     82       2       2       0   .__absdata__MMCCCR__
     _MMCEC                                      80       2       2       0   .__absdata__MMCEC__
     _IVBR                                       10       2       2       0   .__absdata__IVBR__
     _CAN0TXTBPR                                83D       1       1       0   .__absdata__CAN0TXTBPR__
     _CAN0TXDLR                                 83C       1       1       0   .__absdata__CAN0TXDLR__
     _CAN0TXDSR7                                83B       1       1       0   .__absdata__CAN0TXDSR7__
     _CAN0TXDSR6                                83A       1       1       0   .__absdata__CAN0TXDSR6__
     _CAN0TXDSR5                                839       1       1       0   .__absdata__CAN0TXDSR5__
     _CAN0TXDSR4                                838       1       1       0   .__absdata__CAN0TXDSR4__
     _CAN0TXDSR3                                837       1       1       0   .__absdata__CAN0TXDSR3__
     _CAN0TXDSR2                                836       1       1       0   .__absdata__CAN0TXDSR2__
     _CAN0TXDSR1                                835       1       1       0   .__absdata__CAN0TXDSR1__
     _CAN0TXDSR0                                834       1       1       0   .__absdata__CAN0TXDSR0__
     _CAN0TXIDR3                                833       1       1       0   .__absdata__CAN0TXIDR3__
     _CAN0TXIDR2                                832       1       1       0   .__absdata__CAN0TXIDR2__
     _CAN0TXIDR1                                831       1       1       0   .__absdata__CAN0TXIDR1__
     _CAN0TXIDR0                                830       1       1       0   .__absdata__CAN0TXIDR0__
     _CAN0RXDLR                                 82C       1       1       0   .__absdata__CAN0RXDLR__
     _CAN0RXDSR7                                82B       1       1       0   .__absdata__CAN0RXDSR7__
     _CAN0RXDSR6                                82A       1       1       0   .__absdata__CAN0RXDSR6__
     _CAN0RXDSR5                                829       1       1       0   .__absdata__CAN0RXDSR5__
     _CAN0RXDSR4                                828       1       1       0   .__absdata__CAN0RXDSR4__
     _CAN0RXDSR3                                827       1       1       0   .__absdata__CAN0RXDSR3__
     _CAN0RXDSR2                                826       1       1       0   .__absdata__CAN0RXDSR2__
     _CAN0RXDSR1                                825       1       1       0   .__absdata__CAN0RXDSR1__
     _CAN0RXDSR0                                824       1       1       0   .__absdata__CAN0RXDSR0__
     _CAN0RXIDR3                                823       1       1       0   .__absdata__CAN0RXIDR3__
     _CAN0RXIDR2                                822       1       1       0   .__absdata__CAN0RXIDR2__
     _CAN0RXIDR1                                821       1       1       0   .__absdata__CAN0RXIDR1__
     _CAN0RXIDR0                                820       1       1       0   .__absdata__CAN0RXIDR0__
     _CAN0IDMR7                                 81F       1       1       0   .__absdata__CAN0IDMR7__
     _CAN0IDMR6                                 81E       1       1       0   .__absdata__CAN0IDMR6__
     _CAN0IDMR5                                 81D       1       1       0   .__absdata__CAN0IDMR5__
     _CAN0IDMR4                                 81C       1       1       0   .__absdata__CAN0IDMR4__
     _CAN0IDAR7                                 81B       1       1       0   .__absdata__CAN0IDAR7__
     _CAN0IDAR6                                 81A       1       1       0   .__absdata__CAN0IDAR6__
     _CAN0IDAR5                                 819       1       1       0   .__absdata__CAN0IDAR5__
     _CAN0IDAR4                                 818       1       1       0   .__absdata__CAN0IDAR4__
     _CAN0IDMR3                                 817       1       1       0   .__absdata__CAN0IDMR3__
     _CAN0IDMR2                                 816       1       1       0   .__absdata__CAN0IDMR2__
     _CAN0IDMR1                                 815       1       1       0   .__absdata__CAN0IDMR1__
     _CAN0IDMR0                                 814       1       1       0   .__absdata__CAN0IDMR0__
     _CAN0IDAR3                                 813       1       1       0   .__absdata__CAN0IDAR3__
     _CAN0IDAR2                                 812       1       1       0   .__absdata__CAN0IDAR2__
     _CAN0IDAR1                                 811       1       1       0   .__absdata__CAN0IDAR1__
     _CAN0IDAR0                                 810       1       1       0   .__absdata__CAN0IDAR0__
     _CAN0TXERR                                 80F       1       1       0   .__absdata__CAN0TXERR__
     _CAN0RXERR                                 80E       1       1       0   .__absdata__CAN0RXERR__
     _CAN0MISC                                  80D       1       1       0   .__absdata__CAN0MISC__
     _CAN0IDAC                                  80B       1       1       0   .__absdata__CAN0IDAC__
     _CAN0TBSEL                                 80A       1       1       0   .__absdata__CAN0TBSEL__
     _CAN0TAAK                                  809       1       1       0   .__absdata__CAN0TAAK__
     _CAN0TARQ                                  808       1       1       0   .__absdata__CAN0TARQ__
     _CAN0TIER                                  807       1       1       0   .__absdata__CAN0TIER__
     _CAN0TFLG                                  806       1       1       0   .__absdata__CAN0TFLG__
     _CAN0RIER                                  805       1       1       0   .__absdata__CAN0RIER__
     _CAN0RFLG                                  804       1       1       0   .__absdata__CAN0RFLG__
     _CAN0BTR1                                  803       1       1       0   .__absdata__CAN0BTR1__
     _CAN0BTR0                                  802       1       1       0   .__absdata__CAN0BTR0__
     _CAN0CTL1                                  801       1       1       0   .__absdata__CAN0CTL1__
     _CAN0CTL0                                  800       1       1       0   .__absdata__CAN0CTL0__
     _SPI0SR                                    783       1       1       0   .__absdata__SPI0SR__
     _SPI0BR                                    782       1       1       0   .__absdata__SPI0BR__
     _SPI0CR2                                   781       1       1       0   .__absdata__SPI0CR2__
     _SPI0CR1                                   780       1       1       0   .__absdata__SPI0CR1__
     _SCI1DRL                                   717       1       1       0   .__absdata__SCI1DRL__
     _SCI1DRH                                   716       1       1       0   .__absdata__SCI1DRH__
     _SCI1SR2                                   715       1       1       0   .__absdata__SCI1SR2__
     _SCI1SR1                                   714       1       1       0   .__absdata__SCI1SR1__
     _SCI1CR2                                   713       1       1       0   .__absdata__SCI1CR2__
     _SCI1ACR2                                  712       1       1       0   .__absdata__SCI1ACR2__
     _SCI0DRL                                   707       1       1       0   .__absdata__SCI0DRL__
     _SCI0DRH                                   706       1       1       0   .__absdata__SCI0DRH__
     _SCI0SR2                                   705       1       1       0   .__absdata__SCI0SR2__
     _SCI0SR1                                   704       1       1       0   .__absdata__SCI0SR1__
     _SCI0CR2                                   703       1       1       0   .__absdata__SCI0CR2__
     _SCI0ACR2                                  702       1       1       0   .__absdata__SCI0ACR2__
     _BATIF                                     6F3       1       1       0   .__absdata__BATIF__
     _BATIE                                     6F2       1       1       0   .__absdata__BATIE__
     _BATSR                                     6F1       1       1       0   .__absdata__BATSR__
     _BATE                                      6F0       1       1       0   .__absdata__BATE__
     _CPMUOSC2                                  6DE       1       1       0   .__absdata__CPMUOSC2__
     _CPMUVREGCTL                               6DD       1       1       0   .__absdata__CPMUVREGCTL__
     _CPMUPROT                                  6DB       1       1       0   .__absdata__CPMUPROT__
     _CPMUOSC                                   6DA       1       1       0   .__absdata__CPMUOSC__
     _CPMUHTTR                                  6D7       1       1       0   .__absdata__CPMUHTTR__
     _CPMUACLKTR                                6D3       1       1       0   .__absdata__CPMUACLKTR__
     _CPMUAPICTL                                6D2       1       1       0   .__absdata__CPMUAPICTL__
     _CPMULVCTL                                 6D1       1       1       0   .__absdata__CPMULVCTL__
     _CPMUHTCTL                                 6D0       1       1       0   .__absdata__CPMUHTCTL__
     _CPMUARMCOP                                6CF       1       1       0   .__absdata__CPMUARMCOP__
     _CPMUCOP                                   6CC       1       1       0   .__absdata__CPMUCOP__
     _CPMURTI                                   6CB       1       1       0   .__absdata__CPMURTI__
     _CPMUPLL                                   6CA       1       1       0   .__absdata__CPMUPLL__
     _CPMUCLKS                                  6C9       1       1       0   .__absdata__CPMUCLKS__
     _CPMUINT                                   6C8       1       1       0   .__absdata__CPMUINT__
     _CPMUIFLG                                  6C7       1       1       0   .__absdata__CPMUIFLG__
     _CPMUPOSTDIV                               6C6       1       1       0   .__absdata__CPMUPOSTDIV__
     _CPMUREFDIV                                6C5       1       1       0   .__absdata__CPMUREFDIV__
     _CPMUSYNR                                  6C4       1       1       0   .__absdata__CPMUSYNR__
     _CPMURFLG                                  6C3       1       1       0   .__absdata__CPMURFLG__
     _GDUOC1                                    6AF       1       1       0   .__absdata__GDUOC1__
     _GDUOC0                                    6AE       1       1       0   .__absdata__GDUOC0__
     _GDUCLK2                                   6AD       1       1       0   .__absdata__GDUCLK2__
     _GDUPHL                                    6AC       1       1       0   .__absdata__GDUPHL__
     _GDUDSLVL                                  6AB       1       1       0   .__absdata__GDUDSLVL__
     _GDUCSO                                    6AA       1       1       0   .__absdata__GDUCSO__
     _GDUPHMUX                                  6A9       1       1       0   .__absdata__GDUPHMUX__
     _GDUBCL                                    6A8       1       1       0   .__absdata__GDUBCL__
     _GDUCLK1                                   6A7       1       1       0   .__absdata__GDUCLK1__
     _GDUF                                      6A6       1       1       0   .__absdata__GDUF__
     _GDUSRC                                    6A5       1       1       0   .__absdata__GDUSRC__
     _GDUSTAT                                   6A4       1       1       0   .__absdata__GDUSTAT__
     _GDUDSE                                    6A3       1       1       0   .__absdata__GDUDSE__
     _GDUIE                                     6A2       1       1       0   .__absdata__GDUIE__
     _GDUCTR                                    6A1       1       1       0   .__absdata__GDUCTR__
     _GDUE                                      6A0       1       1       0   .__absdata__GDUE__
     _ADC1CROFF1                                665       1       1       0   .__absdata__ADC1CROFF1__
     _ADC1CROFF0                                664       1       1       0   .__absdata__ADC1CROFF0__
     _ADC1RBP_2                                 663       1       1       0   .__absdata__ADC1RBP_2__
     _ADC1RBP_1                                 662       1       1       0   .__absdata__ADC1RBP_1__
     _ADC1RBP_0                                 661       1       1       0   .__absdata__ADC1RBP_0__
     _ADC1RIDX                                  660       1       1       0   .__absdata__ADC1RIDX__
     _ADC1CBP_2                                 65F       1       1       0   .__absdata__ADC1CBP_2__
     _ADC1CBP_1                                 65E       1       1       0   .__absdata__ADC1CBP_1__
     _ADC1CBP_0                                 65D       1       1       0   .__absdata__ADC1CBP_0__
     _ADC1CIDX                                  65C       1       1       0   .__absdata__ADC1CIDX__
     _ADC1EOLRI                                 650       1       1       0   .__absdata__ADC1EOLRI__
     _ADC1IF                                    649       1       1       0   .__absdata__ADC1IF__
     _ADC1EIF                                   648       1       1       0   .__absdata__ADC1EIF__
     _ADC1IE                                    647       1       1       0   .__absdata__ADC1IE__
     _ADC1EIE                                   646       1       1       0   .__absdata__ADC1EIE__
     _ADC1FLWCTL                                645       1       1       0   .__absdata__ADC1FLWCTL__
     _ADC1FMT                                   644       1       1       0   .__absdata__ADC1FMT__
     _ADC1TIM                                   643       1       1       0   .__absdata__ADC1TIM__
     _ADC1STS                                   642       1       1       0   .__absdata__ADC1STS__
     _ADC0CROFF1                                625       1       1       0   .__absdata__ADC0CROFF1__
     _ADC0CROFF0                                624       1       1       0   .__absdata__ADC0CROFF0__
     _ADC0RBP_2                                 623       1       1       0   .__absdata__ADC0RBP_2__
     _ADC0RBP_1                                 622       1       1       0   .__absdata__ADC0RBP_1__
     _ADC0RBP_0                                 621       1       1       0   .__absdata__ADC0RBP_0__
     _ADC0RIDX                                  620       1       1       0   .__absdata__ADC0RIDX__
     _ADC0CBP_2                                 61F       1       1       0   .__absdata__ADC0CBP_2__
     _ADC0CBP_1                                 61E       1       1       0   .__absdata__ADC0CBP_1__
     _ADC0CBP_0                                 61D       1       1       0   .__absdata__ADC0CBP_0__
     _ADC0CIDX                                  61C       1       1       0   .__absdata__ADC0CIDX__
     _ADC0EOLRI                                 610       1       1       0   .__absdata__ADC0EOLRI__
     _ADC0IF                                    609       1       1       0   .__absdata__ADC0IF__
     _ADC0EIF                                   608       1       1       0   .__absdata__ADC0EIF__
     _ADC0IE                                    607       1       1       0   .__absdata__ADC0IE__
     _ADC0EIE                                   606       1       1       0   .__absdata__ADC0EIE__
     _ADC0FLWCTL                                605       1       1       0   .__absdata__ADC0FLWCTL__
     _ADC0FMT                                   604       1       1       0   .__absdata__ADC0FMT__
     _ADC0TIM                                   603       1       1       0   .__absdata__ADC0TIM__
     _ADC0STS                                   602       1       1       0   .__absdata__ADC0STS__
     _TIM0PTPSR                                 5EE       1       1       0   .__absdata__TIM0PTPSR__
     _TIM0OCPD                                  5EC       1       1       0   .__absdata__TIM0OCPD__
     _TIM0TFLG2                                 5CF       1       1       0   .__absdata__TIM0TFLG2__
     _TIM0TFLG1                                 5CE       1       1       0   .__absdata__TIM0TFLG1__
     _TIM0TSCR2                                 5CD       1       1       0   .__absdata__TIM0TSCR2__
     _TIM0TIE                                   5CC       1       1       0   .__absdata__TIM0TIE__
     _TIM0TCTL4                                 5CB       1       1       0   .__absdata__TIM0TCTL4__
     _TIM0TCTL2                                 5C9       1       1       0   .__absdata__TIM0TCTL2__
     _TIM0TTOV                                  5C7       1       1       0   .__absdata__TIM0TTOV__
     _TIM0TSCR1                                 5C6       1       1       0   .__absdata__TIM0TSCR1__
     _TIM0CFORC                                 5C1       1       1       0   .__absdata__TIM0CFORC__
     _TIM0TIOS                                  5C0       1       1       0   .__absdata__TIM0TIOS__
     _PTUDEBUG                                  59F       1       1       0   .__absdata__PTUDEBUG__
     _TG1L1IDX                                  597       1       1       0   .__absdata__TG1L1IDX__
     _TG1L0IDX                                  596       1       1       0   .__absdata__TG1L0IDX__
     _TG0L1IDX                                  595       1       1       0   .__absdata__TG0L1IDX__
     _TG0L0IDX                                  594       1       1       0   .__absdata__TG0L0IDX__
     _PTUPTRL                                   593       1       1       0   .__absdata__PTUPTRL__
     _PTUPTRM                                   592       1       1       0   .__absdata__PTUPTRM__
     _PTUPTRH                                   591       1       1       0   .__absdata__PTUPTRH__
     _PTUCNTL                                   58F       1       1       0   .__absdata__PTUCNTL__
     _PTUCNTH                                   58E       1       1       0   .__absdata__PTUCNTH__
     _TG1TVL                                    58D       1       1       0   .__absdata__TG1TVL__
     _TG1TVH                                    58C       1       1       0   .__absdata__TG1TVH__
     _TG1TNUM                                   58B       1       1       0   .__absdata__TG1TNUM__
     _TG1LIST                                   58A       1       1       0   .__absdata__TG1LIST__
     _TG0TVL                                    589       1       1       0   .__absdata__TG0TVL__
     _TG0TVH                                    588       1       1       0   .__absdata__TG0TVH__
     _TG0TNUM                                   587       1       1       0   .__absdata__TG0TNUM__
     _TG0LIST                                   586       1       1       0   .__absdata__TG0LIST__
     _PTUIFL                                    585       1       1       0   .__absdata__PTUIFL__
     _PTUIFH                                    584       1       1       0   .__absdata__PTUIFH__
     _PTUIEL                                    583       1       1       0   .__absdata__PTUIEL__
     _PTUIEH                                    582       1       1       0   .__absdata__PTUIEH__
     _PTUC                                      581       1       1       0   .__absdata__PTUC__
     _PTUE                                      580       1       1       0   .__absdata__PTUE__
     _PMFOUTF                                   53E       1       1       0   .__absdata__PMFOUTF__
     _PMFDMP5                                   53D       1       1       0   .__absdata__PMFDMP5__
     _PMFDMP4                                   53C       1       1       0   .__absdata__PMFDMP4__
     _PMFDMP3                                   53B       1       1       0   .__absdata__PMFDMP3__
     _PMFDMP2                                   53A       1       1       0   .__absdata__PMFDMP2__
     _PMFDMP1                                   539       1       1       0   .__absdata__PMFDMP1__
     _PMFDMP0                                   538       1       1       0   .__absdata__PMFDMP0__
     _PMFFQCC                                   531       1       1       0   .__absdata__PMFFQCC__
     _PMFENCC                                   530       1       1       0   .__absdata__PMFENCC__
     _PMFFQCB                                   529       1       1       0   .__absdata__PMFFQCB__
     _PMFENCB                                   528       1       1       0   .__absdata__PMFENCB__
     _PMFFQCA                                   521       1       1       0   .__absdata__PMFFQCA__
     _PMFENCA                                   520       1       1       0   .__absdata__PMFENCA__
     _PMFCINV                                   51F       1       1       0   .__absdata__PMFCINV__
     _PMFICCTL                                  51E       1       1       0   .__absdata__PMFICCTL__
     _PMFROIF                                   51D       1       1       0   .__absdata__PMFROIF__
     _PMFROIE                                   51C       1       1       0   .__absdata__PMFROIE__
     _PMFCCTL                                   50F       1       1       0   .__absdata__PMFCCTL__
     _PMFDTMS                                   50E       1       1       0   .__absdata__PMFDTMS__
     _PMFOUTB                                   50D       1       1       0   .__absdata__PMFOUTB__
     _PMFOUTC                                   50C       1       1       0   .__absdata__PMFOUTC__
     _PMFQSMP1                                  509       1       1       0   .__absdata__PMFQSMP1__
     _PMFQSMP0                                  508       1       1       0   .__absdata__PMFQSMP0__
     _PMFFIF                                    507       1       1       0   .__absdata__PMFFIF__
     _PMFFIE                                    506       1       1       0   .__absdata__PMFFIE__
     _PMFFMOD                                   505       1       1       0   .__absdata__PMFFMOD__
     _PMFFEN                                    504       1       1       0   .__absdata__PMFFEN__
     _PMFCFG3                                   503       1       1       0   .__absdata__PMFCFG3__
     _PMFCFG2                                   502       1       1       0   .__absdata__PMFCFG2__
     _PMFCFG1                                   501       1       1       0   .__absdata__PMFCFG1__
     _PMFCFG0                                   500       1       1       0   .__absdata__PMFCFG0__
     _ECCDCMD                                   3CF       1       1       0   .__absdata__ECCDCMD__
     _ECCDE                                     3CE       1       1       0   .__absdata__ECCDE__
     _ECCDPTRL                                  3C9       1       1       0   .__absdata__ECCDPTRL__
     _ECCDPTRM                                  3C8       1       1       0   .__absdata__ECCDPTRM__
     _ECCDPTRH                                  3C7       1       1       0   .__absdata__ECCDPTRH__
     _ECCIF                                     3C2       1       1       0   .__absdata__ECCIF__
     _ECCIE                                     3C1       1       1       0   .__absdata__ECCIE__
     _ECCSTAT                                   3C0       1       1       0   .__absdata__ECCSTAT__
     _FOPT                                      38A       1       1       0   .__absdata__FOPT__
     _DFPROT                                    389       1       1       0   .__absdata__DFPROT__
     _FPROT                                     388       1       1       0   .__absdata__FPROT__
     _FERSTAT                                   387       1       1       0   .__absdata__FERSTAT__
     _FSTAT                                     386       1       1       0   .__absdata__FSTAT__
     _FERCNFG                                   385       1       1       0   .__absdata__FERCNFG__
     _FCNFG                                     384       1       1       0   .__absdata__FCNFG__
     _FPSTAT                                    383       1       1       0   .__absdata__FPSTAT__
     _FCCOBIX                                   382       1       1       0   .__absdata__FCCOBIX__
     _FSEC                                      381       1       1       0   .__absdata__FSEC__
     _FCLKDIV                                   380       1       1       0   .__absdata__FCLKDIV__
     _RDRP                                      2FD       1       1       0   .__absdata__RDRP__
     _PIFP                                      2F7       1       1       0   .__absdata__PIFP__
     _PIEP                                      2F6       1       1       0   .__absdata__PIEP__
     _PPSP                                      2F4       1       1       0   .__absdata__PPSP__
     _PERP                                      2F3       1       1       0   .__absdata__PERP__
     _DDRP                                      2F2       1       1       0   .__absdata__DDRP__
     _PTIP                                      2F1       1       1       0   .__absdata__PTIP__
     _PTP                                       2F0       1       1       0   .__absdata__PTP__
     _WOMS                                      2DF       1       1       0   .__absdata__WOMS__
     _PIFS                                      2D7       1       1       0   .__absdata__PIFS__
     _PIES                                      2D6       1       1       0   .__absdata__PIES__
     _PPSS                                      2D4       1       1       0   .__absdata__PPSS__
     _PERS                                      2D3       1       1       0   .__absdata__PERS__
     _DDRS                                      2D2       1       1       0   .__absdata__DDRS__
     _PTIS                                      2D1       1       1       0   .__absdata__PTIS__
     _PTS                                       2D0       1       1       0   .__absdata__PTS__
     _PPST                                      2C4       1       1       0   .__absdata__PPST__
     _PERT                                      2C3       1       1       0   .__absdata__PERT__
     _DDRT                                      2C2       1       1       0   .__absdata__DDRT__
     _PTIT                                      2C1       1       1       0   .__absdata__PTIT__
     _PTT                                       2C0       1       1       0   .__absdata__PTT__
     _PPSE                                      268       1       1       0   .__absdata__PPSE__
     _PERE                                      266       1       1       0   .__absdata__PERE__
     _DDRE                                      264       1       1       0   .__absdata__DDRE__
     _PTIE                                      262       1       1       0   .__absdata__PTIE__
     _PTE                                       260       1       1       0   .__absdata__PTE__
     _PIMMISC                                   20A       1       1       0   .__absdata__PIMMISC__
     _IRQCR                                     209       1       1       0   .__absdata__IRQCR__
     _ECLKCTL                                   208       1       1       0   .__absdata__ECLKCTL__
     _MODRR2                                    202       1       1       0   .__absdata__MODRR2__
     _MODRR1                                    201       1       1       0   .__absdata__MODRR1__
     _MODRR0                                    200       1       1       0   .__absdata__MODRR0__
     _DBGDAL                                    147       1       1       0   .__absdata__DBGDAL__
     _DBGDAM                                    146       1       1       0   .__absdata__DBGDAM__
     _DBGDAH                                    145       1       1       0   .__absdata__DBGDAH__
     _DBGDCTL                                   140       1       1       0   .__absdata__DBGDCTL__
     _DBGCDM3                                   13F       1       1       0   .__absdata__DBGCDM3__
     _DBGCDM2                                   13E       1       1       0   .__absdata__DBGCDM2__
     _DBGCDM1                                   13D       1       1       0   .__absdata__DBGCDM1__
     _DBGCDM0                                   13C       1       1       0   .__absdata__DBGCDM0__
     _DBGCD3                                    13B       1       1       0   .__absdata__DBGCD3__
     _DBGCD2                                    13A       1       1       0   .__absdata__DBGCD2__
     _DBGCD1                                    139       1       1       0   .__absdata__DBGCD1__
     _DBGCD0                                    138       1       1       0   .__absdata__DBGCD0__
     _DBGCAL                                    137       1       1       0   .__absdata__DBGCAL__
     _DBGCAM                                    136       1       1       0   .__absdata__DBGCAM__
     _DBGCAH                                    135       1       1       0   .__absdata__DBGCAH__
     _DBGCCTL                                   130       1       1       0   .__absdata__DBGCCTL__
     _DBGBAL                                    127       1       1       0   .__absdata__DBGBAL__
     _DBGBAM                                    126       1       1       0   .__absdata__DBGBAM__
     _DBGBAH                                    125       1       1       0   .__absdata__DBGBAH__
     _DBGBCTL                                   120       1       1       0   .__absdata__DBGBCTL__
     _DBGADM3                                   11F       1       1       0   .__absdata__DBGADM3__
     _DBGADM2                                   11E       1       1       0   .__absdata__DBGADM2__
     _DBGADM1                                   11D       1       1       0   .__absdata__DBGADM1__
     _DBGADM0                                   11C       1       1       0   .__absdata__DBGADM0__
     _DBGAD3                                    11B       1       1       0   .__absdata__DBGAD3__
     _DBGAD2                                    11A       1       1       0   .__absdata__DBGAD2__
     _DBGAD1                                    119       1       1       0   .__absdata__DBGAD1__
     _DBGAD0                                    118       1       1       0   .__absdata__DBGAD0__
     _DBGAAL                                    117       1       1       0   .__absdata__DBGAAL__
     _DBGAAM                                    116       1       1       0   .__absdata__DBGAAM__
     _DBGAAH                                    115       1       1       0   .__absdata__DBGAAH__
     _DBGACTL                                   110       1       1       0   .__absdata__DBGACTL__
     _DBGSR                                     10B       1       1       0   .__absdata__DBGSR__
     _DBGEFR                                    10A       1       1       0   .__absdata__DBGEFR__
     _DBGSCR3                                   109       1       1       0   .__absdata__DBGSCR3__
     _DBGSCR2                                   108       1       1       0   .__absdata__DBGSCR2__
     _DBGSCR1                                   107       1       1       0   .__absdata__DBGSCR1__
     _DBGCNT                                    106       1       1       0   .__absdata__DBGCNT__
     _DBGTCRL                                   103       1       1       0   .__absdata__DBGTCRL__
     _DBGTCRH                                   102       1       1       0   .__absdata__DBGTCRH__
     _DBGC2                                     101       1       1       0   .__absdata__DBGC2__
     _DBGC1                                     100       1       1       0   .__absdata__DBGC1__
     _MMCPCL                                     87       1       1       0   .__absdata__MMCPCL__
     _MMCPCM                                     86       1       1       0   .__absdata__MMCPCM__
     _MMCPCH                                     85       1       1       0   .__absdata__MMCPCH__
     _MODE                                       70       1       1       0   .__absdata__MODE__
     _INT_CFDATA7                                1F       1       1       0   .__absdata__INT_CFDATA7__
     _INT_CFDATA6                                1E       1       1       0   .__absdata__INT_CFDATA6__
     _INT_CFDATA5                                1D       1       1       0   .__absdata__INT_CFDATA5__
     _INT_CFDATA4                                1C       1       1       0   .__absdata__INT_CFDATA4__
     _INT_CFDATA3                                1B       1       1       0   .__absdata__INT_CFDATA3__
     _INT_CFDATA2                                1A       1       1       0   .__absdata__INT_CFDATA2__
     _INT_CFDATA1                                19       1       1       0   .__absdata__INT_CFDATA1__
     _INT_CFDATA0                                18       1       1       0   .__absdata__INT_CFDATA0__
     _INT_CFADDR                                 17       1       1       0   .__absdata__INT_CFADDR__

*********************************************************************************************
MODULE STATISTIC
  Name                                      Data   Code  Const
---------------------------------------------------------------------------------------------
  main_c.obj                                   0    333      0
  phev_can_c.obj                              57   1157      6
  starts12z_c.obj                              0     62      0
  mc9s12zvmc128_c.obj                        478      0      0
  other                                      256     30      4

*********************************************************************************************
SECTION USE IN OBJECT-ALLOCATION SECTION
---------------------------------------------------------------------------------------------
SECTION: ".text"
  main callback_TCU10 testFun PLL_init readTCUMessage formIPUMP setIPUMPFrame 
  TIM0_OVF_set CAN_init CAN_send CAN_ISR TIM0_OVF 
SECTION: ".init"
  DoZeroOut DoCopyDown _Startup 
SECTION: ".__absdata___vector_42_CAN_ISR____"
  __vector_42_CAN_ISR__ 
SECTION: ".__absdata___vector_20_TIM0_OVF____"
  __vector_20_TIM0_OVF__ 
SECTION: ".common"
  rx_callback TCU_frame IPUMPframe message IPUMP20message 
SECTION: ".__absdata_ADC1RBP__"
  ADC1RBP 
SECTION: ".__absdata_ADC1CBP__"
  ADC1CBP 
SECTION: ".__absdata_ADC0RBP__"
  ADC0RBP 
SECTION: ".__absdata_ADC0CBP__"
  ADC0CBP 
SECTION: ".__absdata_PTUPTR__"
  PTUPTR 
SECTION: ".__absdata_ECCDPTR__"
  ECCDPTR 
SECTION: ".__absdata_DBGDA__"
  DBGDA 
SECTION: ".__absdata_DBGCA__"
  DBGCA 
SECTION: ".__absdata_DBGBA__"
  DBGBA 
SECTION: ".__absdata_DBGAA__"
  DBGAA 
SECTION: ".__absdata_MMCPC__"
  MMCPC 
SECTION: ".__absdata__ADC1CMD__"
  _ADC1CMD 
SECTION: ".__absdata__ADC0CMD__"
  _ADC0CMD 
SECTION: ".__absdata__PARTID__"
  _PARTID 
SECTION: ".__absdata__CAN0TXTSR__"
  _CAN0TXTSR 
SECTION: ".__absdata__CAN0RXTSR__"
  _CAN0RXTSR 
SECTION: ".__absdata__SPI0DR__"
  _SPI0DR 
SECTION: ".__absdata__SCI1BD__"
  _SCI1BD 
SECTION: ".__absdata__SCI0BD__"
  _SCI0BD 
SECTION: ".__absdata__CPMUIRCTRIM__"
  _CPMUIRCTRIM 
SECTION: ".__absdata__CPMUAPIR__"
  _CPMUAPIR 
SECTION: ".__absdata__ADC1IMDRI__"
  _ADC1IMDRI 
SECTION: ".__absdata__ADC1CONIF__"
  _ADC1CONIF 
SECTION: ".__absdata__ADC1CONIE__"
  _ADC1CONIE 
SECTION: ".__absdata__ADC1CTL__"
  _ADC1CTL 
SECTION: ".__absdata__ADC0IMDRI__"
  _ADC0IMDRI 
SECTION: ".__absdata__ADC0CONIF__"
  _ADC0CONIF 
SECTION: ".__absdata__ADC0CONIE__"
  _ADC0CONIE 
SECTION: ".__absdata__ADC0CTL__"
  _ADC0CTL 
SECTION: ".__absdata__TIM0TC3__"
  _TIM0TC3 
SECTION: ".__absdata__TIM0TC2__"
  _TIM0TC2 
SECTION: ".__absdata__TIM0TC1__"
  _TIM0TC1 
SECTION: ".__absdata__TIM0TC0__"
  _TIM0TC0 
SECTION: ".__absdata__TIM0TCNT__"
  _TIM0TCNT 
SECTION: ".__absdata__PMFDTMC__"
  _PMFDTMC 
SECTION: ".__absdata__PMFMODC__"
  _PMFMODC 
SECTION: ".__absdata__PMFCNTC__"
  _PMFCNTC 
SECTION: ".__absdata__PMFDTMB__"
  _PMFDTMB 
SECTION: ".__absdata__PMFMODB__"
  _PMFMODB 
SECTION: ".__absdata__PMFCNTB__"
  _PMFCNTB 
SECTION: ".__absdata__PMFDTMA__"
  _PMFDTMA 
SECTION: ".__absdata__PMFMODA__"
  _PMFMODA 
SECTION: ".__absdata__PMFCNTA__"
  _PMFCNTA 
SECTION: ".__absdata__PMFVAL5__"
  _PMFVAL5 
SECTION: ".__absdata__PMFVAL4__"
  _PMFVAL4 
SECTION: ".__absdata__PMFVAL3__"
  _PMFVAL3 
SECTION: ".__absdata__PMFVAL2__"
  _PMFVAL2 
SECTION: ".__absdata__PMFVAL1__"
  _PMFVAL1 
SECTION: ".__absdata__PMFVAL0__"
  _PMFVAL0 
SECTION: ".__absdata__ECCDD__"
  _ECCDD 
SECTION: ".__absdata__FCCOB5__"
  _FCCOB5 
SECTION: ".__absdata__FCCOB4__"
  _FCCOB4 
SECTION: ".__absdata__FCCOB3__"
  _FCCOB3 
SECTION: ".__absdata__FCCOB2__"
  _FCCOB2 
SECTION: ".__absdata__FCCOB1__"
  _FCCOB1 
SECTION: ".__absdata__FCCOB0__"
  _FCCOB0 
SECTION: ".__absdata__DIENAD__"
  _DIENAD 
SECTION: ".__absdata__PIFAD__"
  _PIFAD 
SECTION: ".__absdata__PIEAD__"
  _PIEAD 
SECTION: ".__absdata__PPSAD__"
  _PPSAD 
SECTION: ".__absdata__PERAD__"
  _PERAD 
SECTION: ".__absdata__DDRAD__"
  _DDRAD 
SECTION: ".__absdata__PTIAD__"
  _PTIAD 
SECTION: ".__absdata__PTAD__"
  _PTAD 
[...]
  .dwarf_pubnames._CAN0IDAR5 .dwarf_pubnames._CAN0IDAR4 
  .dwarf_pubnames._CAN0IDMR3 .dwarf_pubnames._CAN0IDMR2 
  .dwarf_pubnames._CAN0IDMR1 .dwarf_pubnames._CAN0IDMR0 
  .dwarf_pubnames._CAN0IDAR3 .dwarf_pubnames._CAN0IDAR2 
  .dwarf_pubnames._CAN0IDAR1 .dwarf_pubnames._CAN0IDAR0 
  .dwarf_pubnames._CAN0TXERR .dwarf_pubnames._CAN0RXERR 
  .dwarf_pubnames._CAN0MISC .dwarf_pubnames._CAN0IDAC 
  .dwarf_pubnames._CAN0TBSEL .dwarf_pubnames._CAN0TAAK 
  .dwarf_pubnames._CAN0TARQ .dwarf_pubnames._CAN0TIER .dwarf_pubnames._CAN0TFLG 
  .dwarf_pubnames._CAN0RIER .dwarf_pubnames._CAN0RFLG .dwarf_pubnames._CAN0BTR1 
  .dwarf_pubnames._CAN0BTR0 .dwarf_pubnames._CAN0CTL1 .dwarf_pubnames._CAN0CTL0 
  .dwarf_pubnames._SPI0SR .dwarf_pubnames._SPI0BR .dwarf_pubnames._SPI0CR2 
  .dwarf_pubnames._SPI0CR1 .dwarf_pubnames._SCI1DRL .dwarf_pubnames._SCI1DRH 
  .dwarf_pubnames._SCI1SR2 .dwarf_pubnames._SCI1SR1 .dwarf_pubnames._SCI1CR2 
  .dwarf_pubnames._SCI1ACR2 .dwarf_pubnames._SCI0DRL .dwarf_pubnames._SCI0DRH 
  .dwarf_pubnames._SCI0SR2 .dwarf_pubnames._SCI0SR1 .dwarf_pubnames._SCI0CR2 
  .dwarf_pubnames._SCI0ACR2 .dwarf_pubnames._BATIF .dwarf_pubnames._BATIE 
  .dwarf_pubnames._BATSR .dwarf_pubnames._BATE .dwarf_pubnames._CPMUOSC2 
  .dwarf_pubnames._CPMUVREGCTL .dwarf_pubnames._CPMUPROT 
  .dwarf_pubnames._CPMUOSC .dwarf_pubnames._CPMUHTTR 
  .dwarf_pubnames._CPMUACLKTR .dwarf_pubnames._CPMUAPICTL 
  .dwarf_pubnames._CPMULVCTL .dwarf_pubnames._CPMUHTCTL 
  .dwarf_pubnames._CPMUARMCOP .dwarf_pubnames._CPMUCOP .dwarf_pubnames._CPMURTI 
  .dwarf_pubnames._CPMUPLL .dwarf_pubnames._CPMUCLKS .dwarf_pubnames._CPMUINT 
  .dwarf_pubnames._CPMUIFLG .dwarf_pubnames._CPMUPOSTDIV 
  .dwarf_pubnames._CPMUREFDIV .dwarf_pubnames._CPMUSYNR 
  .dwarf_pubnames._CPMURFLG .dwarf_pubnames._GDUOC1 .dwarf_pubnames._GDUOC0 
  .dwarf_pubnames._GDUCLK2 .dwarf_pubnames._GDUPHL .dwarf_pubnames._GDUDSLVL 
  .dwarf_pubnames._GDUCSO .dwarf_pubnames._GDUPHMUX .dwarf_pubnames._GDUBCL 
  .dwarf_pubnames._GDUCLK1 .dwarf_pubnames._GDUF .dwarf_pubnames._GDUSRC 
  .dwarf_pubnames._GDUSTAT .dwarf_pubnames._GDUDSE .dwarf_pubnames._GDUIE 
  .dwarf_pubnames._GDUCTR .dwarf_pubnames._GDUE .dwarf_pubnames._ADC1CROFF1 
  .dwarf_pubnames._ADC1CROFF0 .dwarf_pubnames._ADC1RBP_2 
  .dwarf_pubnames._ADC1RBP_1 .dwarf_pubnames._ADC1RBP_0 
  .dwarf_pubnames._ADC1RIDX .dwarf_pubnames._ADC1CBP_2 
  .dwarf_pubnames._ADC1CBP_1 .dwarf_pubnames._ADC1CBP_0 
  .dwarf_pubnames._ADC1CIDX .dwarf_pubnames._ADC1EOLRI .dwarf_pubnames._ADC1IF 
  .dwarf_pubnames._ADC1EIF .dwarf_pubnames._ADC1IE .dwarf_pubnames._ADC1EIE 
  .dwarf_pubnames._ADC1FLWCTL .dwarf_pubnames._ADC1FMT .dwarf_pubnames._ADC1TIM 
  .dwarf_pubnames._ADC1STS .dwarf_pubnames._ADC0CROFF1 
  .dwarf_pubnames._ADC0CROFF0 .dwarf_pubnames._ADC0RBP_2 
  .dwarf_pubnames._ADC0RBP_1 .dwarf_pubnames._ADC0RBP_0 
  .dwarf_pubnames._ADC0RIDX .dwarf_pubnames._ADC0CBP_2 
  .dwarf_pubnames._ADC0CBP_1 .dwarf_pubnames._ADC0CBP_0 
  .dwarf_pubnames._ADC0CIDX .dwarf_pubnames._ADC0EOLRI .dwarf_pubnames._ADC0IF 
  .dwarf_pubnames._ADC0EIF .dwarf_pubnames._ADC0IE .dwarf_pubnames._ADC0EIE 
  .dwarf_pubnames._ADC0FLWCTL .dwarf_pubnames._ADC0FMT .dwarf_pubnames._ADC0TIM 
  .dwarf_pubnames._ADC0STS .dwarf_pubnames._TIM0PTPSR .dwarf_pubnames._TIM0OCPD 
  .dwarf_pubnames._TIM0TFLG2 .dwarf_pubnames._TIM0TFLG1 
  .dwarf_pubnames._TIM0TSCR2 .dwarf_pubnames._TIM0TIE 
  .dwarf_pubnames._TIM0TCTL4 .dwarf_pubnames._TIM0TCTL2 
  .dwarf_pubnames._TIM0TTOV .dwarf_pubnames._TIM0TSCR1 
  .dwarf_pubnames._TIM0CFORC .dwarf_pubnames._TIM0TIOS 
  .dwarf_pubnames._PTUDEBUG .dwarf_pubnames._TG1L1IDX .dwarf_pubnames._TG1L0IDX 
  .dwarf_pubnames._TG0L1IDX .dwarf_pubnames._TG0L0IDX .dwarf_pubnames._PTUPTRL 
  .dwarf_pubnames._PTUPTRM .dwarf_pubnames._PTUPTRH .dwarf_pubnames._PTUCNTL 
  .dwarf_pubnames._PTUCNTH .dwarf_pubnames._TG1TVL .dwarf_pubnames._TG1TVH 
  .dwarf_pubnames._TG1TNUM .dwarf_pubnames._TG1LIST .dwarf_pubnames._TG0TVL 
  .dwarf_pubnames._TG0TVH .dwarf_pubnames._TG0TNUM .dwarf_pubnames._TG0LIST 
  .dwarf_pubnames._PTUIFL .dwarf_pubnames._PTUIFH .dwarf_pubnames._PTUIEL 
  .dwarf_pubnames._PTUIEH .dwarf_pubnames._PTUC .dwarf_pubnames._PTUE 
  .dwarf_pubnames._PMFOUTF .dwarf_pubnames._PMFDMP5 .dwarf_pubnames._PMFDMP4 
  .dwarf_pubnames._PMFDMP3 .dwarf_pubnames._PMFDMP2 .dwarf_pubnames._PMFDMP1 
  .dwarf_pubnames._PMFDMP0 .dwarf_pubnames._PMFFQCC .dwarf_pubnames._PMFENCC 
  .dwarf_pubnames._PMFFQCB .dwarf_pubnames._PMFENCB .dwarf_pubnames._PMFFQCA 
  .dwarf_pubnames._PMFENCA .dwarf_pubnames._PMFCINV .dwarf_pubnames._PMFICCTL 
  .dwarf_pubnames._PMFROIF .dwarf_pubnames._PMFROIE .dwarf_pubnames._PMFCCTL 
  .dwarf_pubnames._PMFDTMS .dwarf_pubnames._PMFOUTB .dwarf_pubnames._PMFOUTC 
  .dwarf_pubnames._PMFQSMP1 .dwarf_pubnames._PMFQSMP0 .dwarf_pubnames._PMFFIF 
  .dwarf_pubnames._PMFFIE .dwarf_pubnames._PMFFMOD .dwarf_pubnames._PMFFEN 
  .dwarf_pubnames._PMFCFG3 .dwarf_pubnames._PMFCFG2 .dwarf_pubnames._PMFCFG1 
  .dwarf_pubnames._PMFCFG0 .dwarf_pubnames._ECCDCMD .dwarf_pubnames._ECCDE 
  .dwarf_pubnames._ECCDPTRL .dwarf_pubnames._ECCDPTRM .dwarf_pubnames._ECCDPTRH 
  .dwarf_pubnames._ECCIF .dwarf_pubnames._ECCIE .dwarf_pubnames._ECCSTAT 
  .dwarf_pubnames._FOPT .dwarf_pubnames._DFPROT .dwarf_pubnames._FPROT 
  .dwarf_pubnames._FERSTAT .dwarf_pubnames._FSTAT .dwarf_pubnames._FERCNFG 
  .dwarf_pubnames._FCNFG .dwarf_pubnames._FPSTAT .dwarf_pubnames._FCCOBIX 
  .dwarf_pubnames._FSEC .dwarf_pubnames._FCLKDIV .dwarf_pubnames._RDRP 
  .dwarf_pubnames._PIFP .dwarf_pubnames._PIEP .dwarf_pubnames._PPSP 
  .dwarf_pubnames._PERP .dwarf_pubnames._DDRP .dwarf_pubnames._PTIP 
  .dwarf_pubnames._PTP .dwarf_pubnames._WOMS .dwarf_pubnames._PIFS 
  .dwarf_pubnames._PIES .dwarf_pubnames._PPSS .dwarf_pubnames._PERS 
  .dwarf_pubnames._DDRS .dwarf_pubnames._PTIS .dwarf_pubnames._PTS 
  .dwarf_pubnames._PPST .dwarf_pubnames._PERT .dwarf_pubnames._DDRT 
  .dwarf_pubnames._PTIT .dwarf_pubnames._PTT .dwarf_pubnames._PPSE 
  .dwarf_pubnames._PERE .dwarf_pubnames._DDRE .dwarf_pubnames._PTIE 
  .dwarf_pubnames._PTE .dwarf_pubnames._PIMMISC .dwarf_pubnames._IRQCR 
  .dwarf_pubnames._ECLKCTL .dwarf_pubnames._MODRR2 .dwarf_pubnames._MODRR1 
  .dwarf_pubnames._MODRR0 .dwarf_pubnames._DBGDAL .dwarf_pubnames._DBGDAM 
  .dwarf_pubnames._DBGDAH .dwarf_pubnames._DBGDCTL .dwarf_pubnames._DBGCDM3 
  .dwarf_pubnames._DBGCDM2 .dwarf_pubnames._DBGCDM1 .dwarf_pubnames._DBGCDM0 
  .dwarf_pubnames._DBGCD3 .dwarf_pubnames._DBGCD2 .dwarf_pubnames._DBGCD1 
  .dwarf_pubnames._DBGCD0 .dwarf_pubnames._DBGCAL .dwarf_pubnames._DBGCAM 
  .dwarf_pubnames._DBGCAH .dwarf_pubnames._DBGCCTL .dwarf_pubnames._DBGBAL 
  .dwarf_pubnames._DBGBAM .dwarf_pubnames._DBGBAH .dwarf_pubnames._DBGBCTL 
  .dwarf_pubnames._DBGADM3 .dwarf_pubnames._DBGADM2 .dwarf_pubnames._DBGADM1 
  .dwarf_pubnames._DBGADM0 .dwarf_pubnames._DBGAD3 .dwarf_pubnames._DBGAD2 
  .dwarf_pubnames._DBGAD1 .dwarf_pubnames._DBGAD0 .dwarf_pubnames._DBGAAL 
  .dwarf_pubnames._DBGAAM .dwarf_pubnames._DBGAAH .dwarf_pubnames._DBGACTL 
  .dwarf_pubnames._DBGSR .dwarf_pubnames._DBGEFR .dwarf_pubnames._DBGSCR3 
  .dwarf_pubnames._DBGSCR2 .dwarf_pubnames._DBGSCR1 .dwarf_pubnames._DBGCNT 
  .dwarf_pubnames._DBGTCRL .dwarf_pubnames._DBGTCRH .dwarf_pubnames._DBGC2 
  .dwarf_pubnames._DBGC1 .dwarf_pubnames._MMCPCL .dwarf_pubnames._MMCPCM 
  .dwarf_pubnames._MMCPCH .dwarf_pubnames._MODE .dwarf_pubnames._INT_CFDATA7 
  .dwarf_pubnames._INT_CFDATA6 .dwarf_pubnames._INT_CFDATA5 
  .dwarf_pubnames._INT_CFDATA4 .dwarf_pubnames._INT_CFDATA3 
  .dwarf_pubnames._INT_CFDATA2 .dwarf_pubnames._INT_CFDATA1 
  .dwarf_pubnames._INT_CFDATA0 .dwarf_pubnames._INT_CFADDR 
  .dwarf_aranges.ADC1RBP .dwarf_aranges.ADC1CBP .dwarf_aranges.ADC0RBP 
  .dwarf_aranges.ADC0CBP .dwarf_aranges.PTUPTR .dwarf_aranges.ECCDPTR 
  .dwarf_aranges.DBGDA .dwarf_aranges.DBGCA .dwarf_aranges.DBGBA 
  .dwarf_aranges.DBGAA .dwarf_aranges.MMCPC .dwarf_aranges._ADC1CMD 
  .dwarf_aranges._ADC0CMD .dwarf_aranges._PARTID .dwarf_aranges._CAN0TXTSR 
  .dwarf_aranges._CAN0RXTSR .dwarf_aranges._SPI0DR .dwarf_aranges._SCI1BD 
  .dwarf_aranges._SCI0BD .dwarf_aranges._CPMUIRCTRIM .dwarf_aranges._CPMUAPIR 
  .dwarf_aranges._ADC1IMDRI .dwarf_aranges._ADC1CONIF .dwarf_aranges._ADC1CONIE 
  .dwarf_aranges._ADC1CTL .dwarf_aranges._ADC0IMDRI .dwarf_aranges._ADC0CONIF 
  .dwarf_aranges._ADC0CONIE .dwarf_aranges._ADC0CTL .dwarf_aranges._TIM0TC3 
  .dwarf_aranges._TIM0TC2 .dwarf_aranges._TIM0TC1 .dwarf_aranges._TIM0TC0 
  .dwarf_aranges._TIM0TCNT .dwarf_aranges._PMFDTMC .dwarf_aranges._PMFMODC 
  .dwarf_aranges._PMFCNTC .dwarf_aranges._PMFDTMB .dwarf_aranges._PMFMODB 
  .dwarf_aranges._PMFCNTB .dwarf_aranges._PMFDTMA .dwarf_aranges._PMFMODA 
  .dwarf_aranges._PMFCNTA .dwarf_aranges._PMFVAL5 .dwarf_aranges._PMFVAL4 
  .dwarf_aranges._PMFVAL3 .dwarf_aranges._PMFVAL2 .dwarf_aranges._PMFVAL1 
  .dwarf_aranges._PMFVAL0 .dwarf_aranges._ECCDD .dwarf_aranges._FCCOB5 
  .dwarf_aranges._FCCOB4 .dwarf_aranges._FCCOB3 .dwarf_aranges._FCCOB2 
  .dwarf_aranges._FCCOB1 .dwarf_aranges._FCCOB0 .dwarf_aranges._DIENAD 
  .dwarf_aranges._PIFAD .dwarf_aranges._PIEAD .dwarf_aranges._PPSAD 
  .dwarf_aranges._PERAD .dwarf_aranges._DDRAD .dwarf_aranges._PTIAD 
  .dwarf_aranges._PTAD .dwarf_aranges._DBGTB .dwarf_aranges._MMCCCR 
  .dwarf_aranges._MMCEC .dwarf_aranges._IVBR .dwarf_aranges._CAN0TXTBPR 
  .dwarf_aranges._CAN0TXDLR .dwarf_aranges._CAN0TXDSR7 
  .dwarf_aranges._CAN0TXDSR6 .dwarf_aranges._CAN0TXDSR5 
  .dwarf_aranges._CAN0TXDSR4 .dwarf_aranges._CAN0TXDSR3 
  .dwarf_aranges._CAN0TXDSR2 .dwarf_aranges._CAN0TXDSR1 
  .dwarf_aranges._CAN0TXDSR0 .dwarf_aranges._CAN0TXIDR3 
  .dwarf_aranges._CAN0TXIDR2 .dwarf_aranges._CAN0TXIDR1 
  .dwarf_aranges._CAN0TXIDR0 .dwarf_aranges._CAN0RXDLR 
  .dwarf_aranges._CAN0RXDSR7 .dwarf_aranges._CAN0RXDSR6 
  .dwarf_aranges._CAN0RXDSR5 .dwarf_aranges._CAN0RXDSR4 
  .dwarf_aranges._CAN0RXDSR3 .dwarf_aranges._CAN0RXDSR2 
  .dwarf_aranges._CAN0RXDSR1 .dwarf_aranges._CAN0RXDSR0 
  .dwarf_aranges._CAN0RXIDR3 .dwarf_aranges._CAN0RXIDR2 
  .dwarf_aranges._CAN0RXIDR1 .dwarf_aranges._CAN0RXIDR0 
  .dwarf_aranges._CAN0IDMR7 .dwarf_aranges._CAN0IDMR6 .dwarf_aranges._CAN0IDMR5 
  .dwarf_aranges._CAN0IDMR4 .dwarf_aranges._CAN0IDAR7 .dwarf_aranges._CAN0IDAR6 
  .dwarf_aranges._CAN0IDAR5 .dwarf_aranges._CAN0IDAR4 .dwarf_aranges._CAN0IDMR3 
  .dwarf_aranges._CAN0IDMR2 .dwarf_aranges._CAN0IDMR1 .dwarf_aranges._CAN0IDMR0 
  .dwarf_aranges._CAN0IDAR3 .dwarf_aranges._CAN0IDAR2 .dwarf_aranges._CAN0IDAR1 
  .dwarf_aranges._CAN0IDAR0 .dwarf_aranges._CAN0TXERR .dwarf_aranges._CAN0RXERR 
  .dwarf_aranges._CAN0MISC .dwarf_aranges._CAN0IDAC .dwarf_aranges._CAN0TBSEL 
  .dwarf_aranges._CAN0TAAK .dwarf_aranges._CAN0TARQ .dwarf_aranges._CAN0TIER 
  .dwarf_aranges._CAN0TFLG .dwarf_aranges._CAN0RIER .dwarf_aranges._CAN0RFLG 
  .dwarf_aranges._CAN0BTR1 .dwarf_aranges._CAN0BTR0 .dwarf_aranges._CAN0CTL1 
  .dwarf_aranges._CAN0CTL0 .dwarf_aranges._SPI0SR .dwarf_aranges._SPI0BR 
  .dwarf_aranges._SPI0CR2 .dwarf_aranges._SPI0CR1 .dwarf_aranges._SCI1DRL 
  .dwarf_aranges._SCI1DRH .dwarf_aranges._SCI1SR2 .dwarf_aranges._SCI1SR1 
  .dwarf_aranges._SCI1CR2 .dwarf_aranges._SCI1ACR2 .dwarf_aranges._SCI0DRL 
  .dwarf_aranges._SCI0DRH .dwarf_aranges._SCI0SR2 .dwarf_aranges._SCI0SR1 
  .dwarf_aranges._SCI0CR2 .dwarf_aranges._SCI0ACR2 .dwarf_aranges._BATIF 
  .dwarf_aranges._BATIE .dwarf_aranges._BATSR .dwarf_aranges._BATE 
  .dwarf_aranges._CPMUOSC2 .dwarf_aranges._CPMUVREGCTL .dwarf_aranges._CPMUPROT 
  .dwarf_aranges._CPMUOSC .dwarf_aranges._CPMUHTTR .dwarf_aranges._CPMUACLKTR 
  .dwarf_aranges._CPMUAPICTL .dwarf_aranges._CPMULVCTL 
  .dwarf_aranges._CPMUHTCTL .dwarf_aranges._CPMUARMCOP .dwarf_aranges._CPMUCOP 
  .dwarf_aranges._CPMURTI .dwarf_aranges._CPMUPLL .dwarf_aranges._CPMUCLKS 
  .dwarf_aranges._CPMUINT .dwarf_aranges._CPMUIFLG .dwarf_aranges._CPMUPOSTDIV 
  .dwarf_aranges._CPMUREFDIV .dwarf_aranges._CPMUSYNR .dwarf_aranges._CPMURFLG 
  .dwarf_aranges._GDUOC1 .dwarf_aranges._GDUOC0 .dwarf_aranges._GDUCLK2 
  .dwarf_aranges._GDUPHL .dwarf_aranges._GDUDSLVL .dwarf_aranges._GDUCSO 
  .dwarf_aranges._GDUPHMUX .dwarf_aranges._GDUBCL .dwarf_aranges._GDUCLK1 
  .dwarf_aranges._GDUF .dwarf_aranges._GDUSRC .dwarf_aranges._GDUSTAT 
  .dwarf_aranges._GDUDSE .dwarf_aranges._GDUIE .dwarf_aranges._GDUCTR 
  .dwarf_aranges._GDUE .dwarf_aranges._ADC1CROFF1 .dwarf_aranges._ADC1CROFF0 
  .dwarf_aranges._ADC1RBP_2 .dwarf_aranges._ADC1RBP_1 .dwarf_aranges._ADC1RBP_0 
  .dwarf_aranges._ADC1RIDX .dwarf_aranges._ADC1CBP_2 .dwarf_aranges._ADC1CBP_1 
  .dwarf_aranges._ADC1CBP_0 .dwarf_aranges._ADC1CIDX .dwarf_aranges._ADC1EOLRI 
  .dwarf_aranges._ADC1IF .dwarf_aranges._ADC1EIF .dwarf_aranges._ADC1IE 
  .dwarf_aranges._ADC1EIE .dwarf_aranges._ADC1FLWCTL .dwarf_aranges._ADC1FMT 
  .dwarf_aranges._ADC1TIM .dwarf_aranges._ADC1STS .dwarf_aranges._ADC0CROFF1 
  .dwarf_aranges._ADC0CROFF0 .dwarf_aranges._ADC0RBP_2 
  .dwarf_aranges._ADC0RBP_1 .dwarf_aranges._ADC0RBP_0 .dwarf_aranges._ADC0RIDX 
  .dwarf_aranges._ADC0CBP_2 .dwarf_aranges._ADC0CBP_1 .dwarf_aranges._ADC0CBP_0 
  .dwarf_aranges._ADC0CIDX .dwarf_aranges._ADC0EOLRI .dwarf_aranges._ADC0IF 
  .dwarf_aranges._ADC0EIF .dwarf_aranges._ADC0IE .dwarf_aranges._ADC0EIE 
  .dwarf_aranges._ADC0FLWCTL .dwarf_aranges._ADC0FMT .dwarf_aranges._ADC0TIM 
  .dwarf_aranges._ADC0STS .dwarf_aranges._TIM0PTPSR .dwarf_aranges._TIM0OCPD 
  .dwarf_aranges._TIM0TFLG2 .dwarf_aranges._TIM0TFLG1 .dwarf_aranges._TIM0TSCR2 
  .dwarf_aranges._TIM0TIE .dwarf_aranges._TIM0TCTL4 .dwarf_aranges._TIM0TCTL2 
  .dwarf_aranges._TIM0TTOV .dwarf_aranges._TIM0TSCR1 .dwarf_aranges._TIM0CFORC 
  .dwarf_aranges._TIM0TIOS .dwarf_aranges._PTUDEBUG .dwarf_aranges._TG1L1IDX 
  .dwarf_aranges._TG1L0IDX .dwarf_aranges._TG0L1IDX .dwarf_aranges._TG0L0IDX 
  .dwarf_aranges._PTUPTRL .dwarf_aranges._PTUPTRM .dwarf_aranges._PTUPTRH 
  .dwarf_aranges._PTUCNTL .dwarf_aranges._PTUCNTH .dwarf_aranges._TG1TVL 
  .dwarf_aranges._TG1TVH .dwarf_aranges._TG1TNUM .dwarf_aranges._TG1LIST 
  .dwarf_aranges._TG0TVL .dwarf_aranges._TG0TVH .dwarf_aranges._TG0TNUM 
  .dwarf_aranges._TG0LIST .dwarf_aranges._PTUIFL .dwarf_aranges._PTUIFH 
  .dwarf_aranges._PTUIEL .dwarf_aranges._PTUIEH .dwarf_aranges._PTUC 
  .dwarf_aranges._PTUE .dwarf_aranges._PMFOUTF .dwarf_aranges._PMFDMP5 
  .dwarf_aranges._PMFDMP4 .dwarf_aranges._PMFDMP3 .dwarf_aranges._PMFDMP2 
  .dwarf_aranges._PMFDMP1 .dwarf_aranges._PMFDMP0 .dwarf_aranges._PMFFQCC 
  .dwarf_aranges._PMFENCC .dwarf_aranges._PMFFQCB .dwarf_aranges._PMFENCB 
  .dwarf_aranges._PMFFQCA .dwarf_aranges._PMFENCA .dwarf_aranges._PMFCINV 
  .dwarf_aranges._PMFICCTL .dwarf_aranges._PMFROIF .dwarf_aranges._PMFROIE 
  .dwarf_aranges._PMFCCTL .dwarf_aranges._PMFDTMS .dwarf_aranges._PMFOUTB 
  .dwarf_aranges._PMFOUTC .dwarf_aranges._PMFQSMP1 .dwarf_aranges._PMFQSMP0 
  .dwarf_aranges._PMFFIF .dwarf_aranges._PMFFIE .dwarf_aranges._PMFFMOD 
  .dwarf_aranges._PMFFEN .dwarf_aranges._PMFCFG3 .dwarf_aranges._PMFCFG2 
  .dwarf_aranges._PMFCFG1 .dwarf_aranges._PMFCFG0 .dwarf_aranges._ECCDCMD 
  .dwarf_aranges._ECCDE .dwarf_aranges._ECCDPTRL .dwarf_aranges._ECCDPTRM 
  .dwarf_aranges._ECCDPTRH .dwarf_aranges._ECCIF .dwarf_aranges._ECCIE 
  .dwarf_aranges._ECCSTAT .dwarf_aranges._FOPT .dwarf_aranges._DFPROT 
  .dwarf_aranges._FPROT .dwarf_aranges._FERSTAT .dwarf_aranges._FSTAT 
  .dwarf_aranges._FERCNFG .dwarf_aranges._FCNFG .dwarf_aranges._FPSTAT 
  .dwarf_aranges._FCCOBIX .dwarf_aranges._FSEC .dwarf_aranges._FCLKDIV 
  .dwarf_aranges._RDRP .dwarf_aranges._PIFP .dwarf_aranges._PIEP 
  .dwarf_aranges._PPSP .dwarf_aranges._PERP .dwarf_aranges._DDRP 
  .dwarf_aranges._PTIP .dwarf_aranges._PTP .dwarf_aranges._WOMS 
  .dwarf_aranges._PIFS .dwarf_aranges._PIES .dwarf_aranges._PPSS 
  .dwarf_aranges._PERS .dwarf_aranges._DDRS .dwarf_aranges._PTIS 
  .dwarf_aranges._PTS .dwarf_aranges._PPST .dwarf_aranges._PERT 
  .dwarf_aranges._DDRT .dwarf_aranges._PTIT .dwarf_aranges._PTT 
  .dwarf_aranges._PPSE .dwarf_aranges._PERE .dwarf_aranges._DDRE 
  .dwarf_aranges._PTIE .dwarf_aranges._PTE .dwarf_aranges._PIMMISC 
  .dwarf_aranges._IRQCR .dwarf_aranges._ECLKCTL .dwarf_aranges._MODRR2 
  .dwarf_aranges._MODRR1 .dwarf_aranges._MODRR0 .dwarf_aranges._DBGDAL 
  .dwarf_aranges._DBGDAM .dwarf_aranges._DBGDAH .dwarf_aranges._DBGDCTL 
  .dwarf_aranges._DBGCDM3 .dwarf_aranges._DBGCDM2 .dwarf_aranges._DBGCDM1 
  .dwarf_aranges._DBGCDM0 .dwarf_aranges._DBGCD3 .dwarf_aranges._DBGCD2 
  .dwarf_aranges._DBGCD1 .dwarf_aranges._DBGCD0 .dwarf_aranges._DBGCAL 
  .dwarf_aranges._DBGCAM .dwarf_aranges._DBGCAH .dwarf_aranges._DBGCCTL 
  .dwarf_aranges._DBGBAL .dwarf_aranges._DBGBAM .dwarf_aranges._DBGBAH 
  .dwarf_aranges._DBGBCTL .dwarf_aranges._DBGADM3 .dwarf_aranges._DBGADM2 
  .dwarf_aranges._DBGADM1 .dwarf_aranges._DBGADM0 .dwarf_aranges._DBGAD3 
  .dwarf_aranges._DBGAD2 .dwarf_aranges._DBGAD1 .dwarf_aranges._DBGAD0 
  .dwarf_aranges._DBGAAL .dwarf_aranges._DBGAAM .dwarf_aranges._DBGAAH 
  .dwarf_aranges._DBGACTL .dwarf_aranges._DBGSR .dwarf_aranges._DBGEFR 
  .dwarf_aranges._DBGSCR3 .dwarf_aranges._DBGSCR2 .dwarf_aranges._DBGSCR1 
  .dwarf_aranges._DBGCNT .dwarf_aranges._DBGTCRL .dwarf_aranges._DBGTCRH 
  .dwarf_aranges._DBGC2 .dwarf_aranges._DBGC1 .dwarf_aranges._MMCPCL 
  .dwarf_aranges._MMCPCM .dwarf_aranges._MMCPCH .dwarf_aranges._MODE 
  .dwarf_aranges._INT_CFDATA7 .dwarf_aranges._INT_CFDATA6 
  .dwarf_aranges._INT_CFDATA5 .dwarf_aranges._INT_CFDATA4 
  .dwarf_aranges._INT_CFDATA3 .dwarf_aranges._INT_CFDATA2 
  .dwarf_aranges._INT_CFDATA1 .dwarf_aranges._INT_CFDATA0 
  .dwarf_aranges._INT_CFADDR 

*********************************************************************************************
COPYDOWN SECTION
---------------------------------------------------------------------------------------------
------- ROM-ADDRESS: 0xFE062B ---- SIZE       4 ---
Filling bytes inserted
 00000000

*********************************************************************************************
OBJECT-DEPENDENCIES SECTION
---------------------------------------------------------------------------------------------
DoZeroOut                 USES _startupData 
DoCopyDown                USES _startupData 
_Startup                  USES __SEG_END_SSTACK DoZeroOut DoCopyDown main 
main                      USES PLL_init testFun CAN_init TIM0_OVF_set 
testFun                   USES IPUMPframe IPUMP20message setIPUMPFrame 
setIPUMPFrame             USES formIPUMP 
CAN_init                  USES rx_callback 
CAN_ISR                   USES message TCU_frame readTCUMessage IPUMPframe 
                                callback_TCU10 IPUMP20message setIPUMPFrame 
TIM0_OVF                  USES IPUMP20message CAN_send 
__vector_42_CAN_ISR__     USES CAN_ISR 
__vector_20_TIM0_OVF__    USES TIM0_OVF 

*********************************************************************************************
DEPENDENCY TREE
*********************************************************************************************
 main and _Startup Group
 | 
 +- main                
 |  | 
 |  +- PLL_init            
 |  |    
 |  +- testFun             
 |  |  | 
 |  |  +- setIPUMPFrame       
 |  |     | 
 |  |     +- formIPUMP           
 |  |          
 |  +- CAN_init            
 |  |    
 |  +- TIM0_OVF_set        
 |       
 +- _Startup            
    | 
    +- DoZeroOut           
    |    
    +- DoCopyDown          
    |    
    +- main                 (see above)
       
 __vector_42_CAN_ISR__
 | 
 +- CAN_ISR             
    | 
    +- readTCUMessage      
    |    
    +- callback_TCU10      
    |    
    +- setIPUMPFrame        (see above)
       
 __vector_20_TIM0_OVF__
 | 
 +- TIM0_OVF            
    | 
    +- CAN_send            
         
*********************************************************************************************
STATISTIC SECTION
---------------------------------------------------------------------------------------------

ExeFile:
--------
Number of blocks to be downloaded: 7
Total size of all blocks to be downloaded: 1592

